--------- beginning of tracking
06-08 00:36:26.267   902  1276 I chatty  : uid=1000(system) Binder:902_3 expire 4 lines
06-08 00:36:26.267   902  1276 I TrackingService: TrackingServiceHost registered common client; there are 0 secure clients
06-17 05:40:56.059   902  1276 I chatty  : uid=1000(system) Binder:902_3 identical 4 lines
06-17 05:40:56.059   902  1276 I TrackingService: TrackingServiceHost registered common client; there are 0 secure clients
--------- beginning of main
06-17 08:16:58.500 28908 28908 I games.beatsabe: Late-enabling -Xcheck:jni
06-17 08:16:58.507 20508 20508 D UnifiedTelemetryLogger: Already initialized.
06-17 08:16:58.507   735 29938 I netd    : firewallSetUidRule(2, 10034, 2) <0.06ms>
06-17 08:16:58.528 28908 28908 E games.beatsabe: Unknown bits set in runtime_flags: 0x8000
--------- beginning of system
06-17 08:16:58.544  1082  1270 I ActivityManager: Killing 21099:com.android.keychain/1000 (adj 999): empty for 11100s
06-17 08:16:58.560   736   736 I Zygote  : Process 21099 exited due to signal 9 (Killed)
06-17 08:16:58.612  1514  1514 W OVR::Stats: type=1400 audit(0.0:30348): avc: denied { write } for name="traced_producer" dev="tmpfs" ino=1759 scontext=u:r:platform_app:s0:c512,c768 tcontext=u:object_r:traced_producer_socket:s0 tclass=sock_file permissive=0
06-17 08:16:58.643  2535  2535 D [SEO] ShellEnvOverlayService: Message Handler: onResume
06-17 08:16:58.643  2535  2728 I [OAR] ShellApp: 0xcaa2cbe0 msg: resume
06-17 08:16:58.644  2535  2728 I [OAR] ShellApp: ---------- ShellApp::EnterVrMode() ----------
06-17 08:16:58.644  2535  2728 D [SEO] ShellApplication: setOverlayInputFocus: inputFocus=true shouldSupportIME=true
06-17 08:16:58.644  2535  2728 D [SEO] BaseOverlayService: setOverlayInputFocus : entrypoint - inputFocus=true shouldSupportIME=true
06-17 08:16:58.644  2535  2728 I [OAR] VrPlatformVrApi: VrPlatformVrApi::SessionBegin
06-17 08:16:58.644  2535  2728 I [OAR] VrPlatformVrApi: vrapi_EnterVrMode()
06-17 08:16:58.644  2535  2728 I VrApi   : ---------- vrapi_EnterVrMode [start] ----------
06-17 08:16:58.644  2535  2728 I VrRuntimeClient: Tracing is disabled
06-17 08:16:58.644  2535  2728 I VrRuntimeClient: SysProp debug mode is disabled on Client side
06-17 08:16:58.644  2535  2535 D [SEO] BaseOverlayService: attachServiceWindowView shouldSupportIME:true
06-17 08:16:58.645  2535  2728 D VrApi   : targetSDKVersion 29
06-17 08:16:58.647  2535  2728 I VrRuntimeClient: DEVICE MODEL NUMBER = Quest 2
06-17 08:16:58.647  2535  2728 I VrRuntimeClient: DEVICE HARDWARE = hollywood
06-17 08:16:58.647  2535  2728 I VrRuntimeClient: DEVICE BUILD NAME = user-16476800118700000
06-17 08:16:58.647  2535  2728 I VrRuntimeClient: DEVICE BUILD TYPE = user
06-17 08:16:58.647  2535  2728 I VrRuntimeClient: DEVICE OS VERSION = 10
06-17 08:16:58.647  2535  2728 I VrRuntimeClient: API LOADER VERSION = 1.41.0
06-17 08:16:58.647  2535  2728 I VrRuntimeClient: RUNTIME API VERSION = 1.46.0
06-17 08:16:58.647  2535  2728 I VrRuntimeClient: RUNTIME VERSION = 29.0.0.65.370 May  8 2021 20:13:10 RELEASE
06-17 08:16:58.647  2535  2728 I VrRuntimeClient: APP NAME = Oculus App Runtime
06-17 08:16:58.647  2535  2728 I VrRuntimeClient: APP VERSION = 29.0.0.65.370 versionCode 289987433 internalVersionName 29.0.0.65.370.384025c4a70b 2021_05_08_20_13
06-17 08:16:58.647  2535  2728 I VrRuntimeClient: APP VR TYPE = vr_only
06-17 08:16:58.647  2535  2728 I VrRuntimeClient: APP MODE TYPE = VR
06-17 08:16:58.647  2535  2728 I VrRuntimeClient: APP PACKAGE NAME = com.oculus.vrshell
06-17 08:16:58.647  2535  2728 I VrRuntimeClient: APP ACTIVITY CLASS = com.oculus.os.WindowTokenContext
06-17 08:16:58.647  2535  2728 I Sensor  : OSSDKTRACKING Initializing head tracking
06-17 08:16:58.647  2535  2728 D OsSdk   : TrackingServiceConnection ctor
06-17 08:16:58.647  2535  2728 I Sensor  : OSSDKTRACKING Head tracker != nullpointer 0xddee91dc, 1
06-17 08:16:58.647  2535  2728 I Sensor  : OSSDKTRACKING Initializing controller tracking
06-17 08:16:58.647  2535  2728 I Sensor  : OSSDKTRACKING Controller tracker != nullpointer 0xcab335e0, 1
06-17 08:16:58.647  2535  2728 D BatteryReceiver: Registering battery receiver
06-17 08:16:58.648  1082  1270 E WindowManager: App trying to use insecure INPUT_FEATURE_NO_INPUT_CHANNEL flag. Ignoring
06-17 08:16:58.649  2535  2728 D HeadsetReceiver: getCurrentHeadsetState: false
06-17 08:16:58.650  2535  2728 I DeviceStatus: nativeHeadsetEvent(0)
06-17 08:16:58.651  2039  2039 I ClientMgr: FocusedWindowChanged: found matching overlay client: -1688400935
06-17 08:16:58.651  2039  2039 I ClientMgr: FocusedClient ID changed: com.oculus.vrshell:EnvOverlay:2535
06-17 08:16:58.651  2039  2039 I ClientMgr: ClientMgr::SetFocusedClient: 2535:com.oculus.vrshell type 1
06-17 08:16:58.651  2039  2039 W REFLECT : RuntimeIPC: ipc_PostClientEvent FAILED: FocusChangeEvent
06-17 08:16:58.651  2039  2039 W VrRuntimeService: RuntimeIPC: SendFocusChangeEventToAllClients: PostClientEvent FAILED: com.oculus.mrservice:com.oculus.mrservice:1736, com.oculus.vrshell, com.oculus.vrshell:EnvOverlay
06-17 08:16:58.651  2039  2039 I VrRuntimeService: RuntimeIPC: SendFocusChangeEventToAllClients: PostClientEvent SUCCESS: android.uid.systemui:10060:com.android.systemui:1514, com.oculus.vrshell, com.oculus.vrshell:EnvOverlay
06-17 08:16:58.651  2039  2039 I VrRuntimeService: RuntimeIPC: SendFocusChangeEventToAllClients: PostClientEvent SUCCESS: com.oculus.vrshell:com.oculus.vrshell:Overlay:2286, com.oculus.vrshell, com.oculus.vrshell:EnvOverlay
06-17 08:16:58.651  2039  2039 W REFLECT : RuntimeIPC: ipc_PostClientEvent FAILED: FocusChangeEvent
06-17 08:16:58.651  2039  2039 W VrRuntimeService: RuntimeIPC: SendFocusChangeEventToAllClients: PostClientEvent FAILED: com.oculus.shellenv:com.oculus.shellenv:2483, com.oculus.vrshell, com.oculus.vrshell:EnvOverlay
06-17 08:16:58.651  2039  2039 I VrRuntimeService: RuntimeIPC: SendFocusChangeEventToAllClients: PostClientEvent SUCCESS: com.beatgames.beatsaber:com.beatgames.beatsaber:26952, com.oculus.vrshell, com.oculus.vrshell:EnvOverlay
06-17 08:16:58.651  2039  2039 I VrRuntimeService: RuntimeIPC: SendFocusChangeEventToAllClients: PostClientEvent SUCCESS: com.oculus.guardian:com.oculus.vrguardianservice:2620, com.oculus.vrshell, com.oculus.vrshell:EnvOverlay
06-17 08:16:58.651  2039  2039 I VrRuntimeService: RuntimeIPC: SendFocusChangeEventToAllClients: PostClientEvent SUCCESS: com.oculus.vrshell:com.oculus.vrshell:EnvOverlay:2535, com.oculus.vrshell, com.oculus.vrshell:EnvOverlay
06-17 08:16:58.651  2039  2039 W REFLECT : RuntimeIPC: ipc_PostClientEvent FAILED: FocusChangeEvent
06-17 08:16:58.651  2039  2039 W VrRuntimeService: RuntimeIPC: SendFocusChangeEventToAllClients: PostClientEvent FAILED: com.oculus.vrshell:com.oculus.vrshell:1926, com.oculus.vrshell, com.oculus.vrshell:EnvOverlay
06-17 08:16:58.651  2535  2728 I ClientInputInterface: DEADRECKONING SetControllerTrackingExtendedDeadreckoning 0
06-17 08:16:58.651  2535  2728 D InputHooksJava: Enabling Java Input Hooks
06-17 08:16:58.651  2535  2728 W InputHooksJava: Unable to enable input hooks on a non-Activity Context
06-17 08:16:58.651  2535  2728 I InputDevice_TrackedRemote: OSSDKTRACKING Initializing Haptics
06-17 08:16:58.651  2535  2728 I InputDevice_TrackedRemote: OSSDKTRACKING Haptics != nullpointer 0xcab33960, 1
06-17 08:16:58.651  2535  2728 I InputDevice_TrackedRemote: OSSDKTRACKING Initializing Haptics
06-17 08:16:58.651  2535  2728 I InputDevice_TrackedRemote: OSSDKTRACKING Haptics != nullpointer 0xc7ce0c60, 1
06-17 08:16:58.651  2535  2728 I InputDeviceManager: ovrInputDeviceManager::Initialize
06-17 08:16:58.651  2535  2728 I HandDataQuerier: OSSDKTRACKING Initializing HandsTracker
06-17 08:16:58.651  2535  2728 I HandDataQuerier: OSSDKTRACKING HandsTracker != nullpointer 0xe9582d90, 1
06-17 08:16:58.651  2535  2728 I HandDataQuerier: OSSDKTRACKING Initializing HandsTracker
06-17 08:16:58.652  2535  2728 I HandDataQuerier: OSSDKTRACKING HandsTracker != nullpointer 0xe95831a0, 1
06-17 08:16:58.652  2535  2728 I InputDeviceManager: HANDTRACKING packagename is com.oculus.vrshell
06-17 08:16:58.652  2535  2535 D [SEO] BaseOverlayService: setOverlayInputFocus : completed - inputFocus=true shouldSupportIME=true actionTaken:true
06-17 08:16:58.653  2535  2728 I InputDeviceManager: HANDTRACKING: Manifest Permission request for com.oculus.vrshell
06-17 08:16:58.654  2535  2728 I InputDeviceManager: HANDTRACKING:  'com.oculus.vrshell' Is hands or controller.
06-17 08:16:58.654  2535  2728 I InputDeviceManager: HANDTRACKING: feature flag set to 2
06-17 08:16:58.654  2535  2728 I ClientInputInterface: HANDTRACKING sethandmanifest 2
06-17 08:16:58.654   902  1276 I TrackingService: TrackingService::getSharedMemoryFileDescriptor
06-17 08:16:58.656 20508 17292 I LibraryProvider: running queryApp(com.beatgames.beatsaber) for com.oculus.uid:10041
06-17 08:16:58.656   902  1276 I chatty  : uid=1000(system) Binder:902_3 identical 3 lines
06-17 08:16:58.656   902  1276 I TrackingService: TrackingService::getSharedMemoryFileDescriptor
06-17 08:16:58.656   902  1276 I TrackingService: TrackingService::registerClient
06-17 08:16:58.657   902  1276 I TrackingService: Registering client with TrackingServiceHost (com.oculus.vrshell#2535)
06-17 08:16:58.657   902  1276 I TrackingService: TrackingServiceHost GetSharedMemoryFileDescriptor for client com.oculus.vrshell#2535
06-17 08:16:58.657   902  1276 I TrackingService: TrackingServiceHost registered common client; there are 0 secure clients
06-17 08:16:58.657  2535  2728 D OsSdk   : TrackingServiceConnection registered
06-17 08:16:58.657  2535  2728 I Distortion: Initializing Mesh Decenter Correction
06-17 08:16:58.658  2535  2728 I Distortion: EYE_DECENTER ipdMin 58.1186 left H: -6.1297 v: 0.6816  right  H: -2.0904 v: -2.4991
06-17 08:16:58.658  2535  2728 I Distortion: EYE_DECENTER ipdMid 63.0046 left H: 3.4095 v: -0.4233  right  H: 2.6356 v: -1.4351
06-17 08:16:58.658  2535  2728 I Distortion: EYE_DECENTER ipdMax 67.8908 left H: 5.7943 v: -0.4233  right  H: 1.4541 v: -1.4351
06-17 08:16:58.658  2535  2728 I Distortion: EYE_DECENTER PIXELS(4) left H: -3.4095 V: 0.4233  right H: -2.6356 V: 1.4351
06-17 08:16:58.658  2535  2728 I Distortion: EYE_DECENTER iad: 0.063066, left H: -9.92902e-05 V: 1.39054e-05  right H: -9.92902e-05 V: 4.7143e-05
06-17 08:16:58.658  2535  2728 I Distortion: SetLensPositions - iad=0.063066, left offset=-0.000266716,-0.00123439, right offset=6.81356e-05,-0.00120116
06-17 08:16:58.658  2535  2728 I Distortion: Initializing Mesh Decenter Correction
06-17 08:16:58.659  2535  2728 I Distortion: EYE_DECENTER ipdMin 58.1186 left H: -6.1297 v: 0.6816  right  H: -2.0904 v: -2.4991
06-17 08:16:58.659  2535  2728 I Distortion: EYE_DECENTER ipdMid 63.0046 left H: 3.4095 v: -0.4233  right  H: 2.6356 v: -1.4351
06-17 08:16:58.659  2535  2728 I Distortion: EYE_DECENTER ipdMax 67.8908 left H: 5.7943 v: -0.4233  right  H: 1.4541 v: -1.4351
06-17 08:16:58.660  2535  2728 I Distortion: EYE_DECENTER PIXELS(4) left H: -3.4095 V: 0.4233  right H: -2.6356 V: 1.4351
06-17 08:16:58.660  2535  2728 I Distortion: EYE_DECENTER iad: 0.063066, left H: -9.92902e-05 V: 1.39054e-05  right H: -9.92902e-05 V: 4.7143e-05
06-17 08:16:58.660  2535  2728 I Distortion: SetLensPositions - iad=0.063066, left offset=-0.000266716,-0.00123439, right offset=6.81356e-05,-0.00120116
06-17 08:16:58.660  2535  2728 I Distortion: Created custom distortion mesh.
06-17 08:16:58.660  2535  2728 I Distortion: ovrDistortionMeshHeader::magic = 0x56347807
06-17 08:16:58.660  2535  2728 I Distortion: ovrDistortionMeshHeader::deviceModel = 0x200
06-17 08:16:58.660  2535  2728 I Distortion: ovrDistortionMeshHeader::headsetModel = 0x104
06-17 08:16:58.660  2535  2728 I Distortion: ovrDistortionMeshHeader::eyeBlocksWide = 32
06-17 08:16:58.660  2535  2728 I Distortion: ovrDistortionMeshHeader::eyeBlocksHigh = 32
06-17 08:16:58.660  2535  2728 I Distortion: ovrDistortionMeshHeader::lensSeparationMeters = 0.063066
06-17 08:16:58.660  2535  2728 I Distortion: ovrDistortionMeshHeader::horizontalOffsetMeters = -0.000099
06-17 08:16:58.660  2535  2728 I Distortion: ovrDistortionMeshHeader::displayWidthMeters = 0.120362
06-17 08:16:58.660  2535  2728 I Distortion: ovrDistortionMeshHeader::displayHeightMeters = 0.063072
06-17 08:16:58.660  2535  2728 I Distortion: ovrDistortionMeshHeader::displayWidthPixels = 3664
06-17 08:16:58.660  2535  2728 I Distortion: ovrDistortionMeshHeader::displayHeightPixels = 1920
06-17 08:16:58.660  2535  2728 I Distortion: ovrDistortionMeshHeader::eyeTextureWidthPixels = 1440
06-17 08:16:58.660  2535  2728 I Distortion: ovrDistortionMeshHeader::eyeTextureHeightPixels = 1584
06-17 08:16:58.660  2535  2728 I Distortion: ovrDistortionMeshHeader::leftEye = up 48.000000 / down 50.000000 / left 49.000000 / right 45.000000
06-17 08:16:58.660  2535  2728 I Distortion: ovrDistortionMeshHeader::rightEye = up 48.000000 / down 50.000000 / left 45.000000 / right 49.000000
06-17 08:16:58.660  2535  2728 I VrApi   : ovrModeParms::VRAPI_MODE_FLAG_RESET_WINDOW_FULLSCREEN = 1
06-17 08:16:58.660  2535  2728 I VrApi   : ovrModeParms::VRAPI_MODE_FLAG_NATIVE_WINDOW = 1
06-17 08:16:58.660  2535  2728 I VrApi   : ovrModeParms::VRAPI_MODE_FLAG_FRONT_BUFFER_SRGB = 1
06-17 08:16:58.660  2535  2728 I VrApi   : ovrModeParms::VRAPI_MODE_FLAG_CREATE_CONTEXT_NO_ERROR = 0
06-17 08:16:58.660  2535  2728 I VrApi   : ovrModeParms::VRAPI_MODE_FLAG_PHASE_SYNC = 0
06-17 08:16:58.660  2535  2728 I VrApi   : ovrModeParms::VRAPI_MODE_FLAG_APP_SPACE_WARP = 0
06-17 08:16:58.660  2535  2728 I VrRuntimeClient: SetPhaseSyncMode 0
06-17 08:16:58.660  2535  2728 I VrApi   : PhaseSync disabled
06-17 08:16:58.660  2535  2728 W VrApi   : Operating without a sensor.
06-17 08:16:58.660  2535  2728 D VrRuntimeClient: VrRuntimeClient: getClientWindow: windowtoken client
06-17 08:16:58.660  2535  2728 E VrRuntimeClient: VrRuntimeClient: getClientWindow: unable to get clientWindow token: java.lang.NullPointerException: Attempt to invoke virtual method 'android.view.IWindowId android.view.WindowId.getTarget()' on a null object reference
06-17 08:16:58.661  2039  2795 I VrRuntimeService: RuntimeServiceSDKServer::EnableRendering: 0x0, 0, com.oculus.vrshell:EnvOverlay
06-17 08:16:58.661  2039  2795 I ClientMgr: EnableRendering2: invalid clientWindow, testing uid/pid
06-17 08:16:58.661  2039  2795 I ClientMgr: EnableRendering2: matched uid: 10020 and pid: 2535 
06-17 08:16:58.661  2039  2795 I ClientMgr: EnableRendering2: Calling SetFocusedClient: 2606566361
06-17 08:16:58.661  2039  2795 I ClientMgr: ClientMgr::SetFocusedClient: 2535:com.oculus.vrshell type 1
06-17 08:16:58.661  2039  2795 I ClientMgr: ClientMgr::EnableRendering 2535:com.oculus.vrshell : type 1 comp-id 2: enable
06-17 08:16:58.661  2039  2795 I TimeWarpClientMgr: Enable client 2
06-17 08:16:58.661  2039  2795 I VrRuntimeServer: EnableCompositorClient client(2): layer placement(2147483647) flags(0) sm(0x7cc4c08010)
06-17 08:16:58.661  2039  2795 I VrRuntimeServer: SysProp debug mode is disabled on Server side
06-17 08:16:58.664 20508 17292 I LibraryProvider: running queryApp(com.beatgames.beatsaber) for com.oculus.uid:10041
06-17 08:16:58.665  2039  2795 I UnifiedTelemetryWrapper: Started UT session render:com.oculus.vrshell:EnvOverlay
06-17 08:16:58.665  2039  2795 I VrRuntimeService: GetSpecialSwapChain: 2606566361
06-17 08:16:58.665  2039  2795 I VrRuntimeService: GetSpecialSwapChain: Invalid special swapchain.
06-17 08:16:58.665  2535  2728 W VrApi   : GetSpecialSwapChain: response.SwapChainId == -1
06-17 08:16:58.665  2039  2795 I VrRuntimeService: GetSpecialSwapChain: 2606566361
06-17 08:16:58.665  2039  2795 I VrRuntimeService: GetSpecialSwapChain: Invalid special swapchain.
06-17 08:16:58.665  2535  2728 W VrApi   : GetSpecialSwapChain: response.SwapChainId == -1
06-17 08:16:58.666  2535  2728 I VrApi   : OVR::Stats thread started
06-17 08:16:58.666  2535  2728 I VrApi   : Initial BaseVsync 541517 
06-17 08:16:58.666  2535  2728 I XrRuntimeSystem_Client: BeginSession
06-17 08:16:58.667  2535  2728 I VrApi   : ---------- vrapi_EnterVrMode [end] ----------
06-17 08:16:58.667  2535  2728 I [OAR] VrPlatformVrApi: MrService is enabled, going to init the session.
06-17 08:16:58.667  2535  2728 I ipcLoader: RuntimeIPC: Loader: IPC Service API Loader Version: 22 Mar 19 2021 15:12:11
06-17 08:16:58.667  2535  2728 I ipcLoader: RuntimeIPC: Loader: Re-using vtable
06-17 08:16:58.667  2535  2728 I RuntimeIPCApi: ipc_Initialize
06-17 08:16:58.667  2535  2728 V RuntimeIPCServiceClient: compareContext FAILED: com.oculus.os.WindowTokenContext, com.oculus.vrshell.ShellApplication
06-17 08:16:58.667  2535  2728 D RuntimeIPCServiceClient: ensureServiceStarted: com.oculus.mrservice, com.oculus.mrservice.MrService
06-17 08:16:58.673  2535  2728 D RuntimeIPCServiceClient: ensureServiceStarted SUCCESS: com.oculus.mrservice, com.oculus.mrservice.MrService
06-17 08:16:58.673  2535  2728 D RuntimeIPCClientMgr: SyncClientWithService: Client: com.oculus.vrshell:com.oculus.vrshell:EnvOverlay:2535, Server: com.oculus.mrservice:com.oculus.mrservice (MrServiceIPCServer)
06-17 08:16:58.673  1736  1736 I MrService: onStartCommand
06-17 08:16:58.674  1736  2985 I SharedMemoryServer: SharedMemoryServer::MapMemory: Allocated shared memory fd 79 (rpcBuffer)
06-17 08:16:58.675  1736  2985 I SharedMemoryServer: SharedMemoryServer::MapMemory: Allocated shared memory fd 80 (ipcReadOnlyState)
06-17 08:16:58.676  1736  2985 I JniUtils: Creating temporary JNIEnv. This is a heavy operation and should be infrequent. To optimize, use JNI AttachCurrentThread on calling thread
06-17 08:16:58.676 13027 13027 D MetricsService: Bound Intent { cmp=com.oculus.ovrmonitormetricsservice/.MetricsService }
06-17 08:16:58.677  1736  2985 I JniUtils: Creating temporary JNIEnv. This is a heavy operation and should be infrequent. To optimize, use JNI AttachCurrentThread on calling thread
06-17 08:16:58.677  1736  2985 I chatty  : uid=10006(com.oculus.mrservice) mrsvc::main identical 1 line
06-17 08:16:58.678  1736  2985 I JniUtils: Creating temporary JNIEnv. This is a heavy operation and should be infrequent. To optimize, use JNI AttachCurrentThread on calling thread
06-17 08:16:58.678  1736  2985 I ServerProcessConnector: HandleClientConnect: Client: com.oculus.vrshell:com.oculus.vrshell:EnvOverlay:2535, Server: com.oculus.mrservice:com.oculus.mrservice:1736 (MrServiceIPCServer)
06-17 08:16:58.678  2535 28934 D VrApi   : targetSDKVersion 29
06-17 08:16:58.679  2535 28934 I JniUtils: ovr_GetCurrentPackageSignature 
06-17 08:16:58.680  2535  2728 W RuntimeIPCClientMgr: InitRPCToServer: RPC_CONNECTOR_CONNECT_TO_SERVER SUCCESS (new path): Client: com.oculus.vrshell:com.oculus.vrshell:EnvOverlay:2535, Server: com.oculus.mrservice:com.oculus.mrservice (MrServiceIPCServer)
06-17 08:16:58.680  2535  2728 I RuntimeIPCClientMgr: ConnectToServer: SUCCESS: Client: com.oculus.vrshell:com.oculus.vrshell:EnvOverlay:2535, Server: com.oculus.mrservice:com.oculus.mrservice (MrServiceIPCServer)
06-17 08:16:58.680  2535 28934 I Metrics : device name = Oculus Quest 2
06-17 08:16:58.680  2535  2728 I [OAR] MrServiceClientVrApi: MrSessionCreate OK
06-17 08:16:58.685  2483  2521 I Clay    : BaseApp: Leaving hibernation
06-17 08:16:58.685  2483  2521 I Clay    : EnvironmentSystem: computed visibility changed from Unload to Hidden (reason: LayerRendering)
06-17 08:16:58.685  2483  2521 I Clay    : BaseApp: Entering hibernation in 30 frames
06-17 08:16:58.688  1082  1622 W InputReader: Device has associated, but no associated display id.
06-17 08:16:58.693  2535  2535 D MetricsService: Connected to metrics service: ComponentInfo{com.oculus.ovrmonitormetricsservice/com.oculus.ovrmonitormetricsservice.MetricsService}
06-17 08:16:58.693  2535  2535 D [SEO] ShellEnvOverlayService: Message Handler: onPause
06-17 08:16:58.700  1966  1966 E OVRMediaServiceManager: LivestreamingManager Not initialized
06-17 08:16:58.700 12731 12731 W com.oculus.processhelper.ProcessHelper: Current process name is: com.oculus.socialplatform
06-17 08:16:58.703  2039  2039 D VrRuntimeService: onForegroundActivitiesChanged: pid=28908, uid=10094, hasForegroundActivities=true
06-17 08:16:58.704  2620 27083 W PipeUtils: RuntimeIPC: ReadFromPipeInternal: read failed: 0, Success
06-17 08:16:58.704  2620 27083 W PipeUtils: RuntimeIPC: ReadFromPipe: ReadFromPipeInternal FAILED
06-17 08:16:58.704  2620 27083 W RuntimeIPCServerMgr: RPCClientHandler::MainLoop: Error reading pipe: Client: com.beatgames.beatsaber:com.beatgames.beatsaber:26952, Server: com.oculus.guardian:com.oculus.vrguardianservice (guardianserver)
06-17 08:16:58.704  2039 27084 W PipeUtils: RuntimeIPC: ReadFromPipeInternal: read failed: 0, Socket operation on non-socket
06-17 08:16:58.704  2039 27084 W PipeUtils: RuntimeIPC: ReadFromPipe: ReadFromPipeInternal FAILED
06-17 08:16:58.704  2039 27084 W RuntimeIPCServerMgr: RPCClientHandler::MainLoop: Error reading pipe: Client: com.beatgames.beatsaber:com.beatgames.beatsaber:26952, Server: com.oculus.systemdriver:com.oculus.vrruntimeservice (RuntimeServiceServer)
06-17 08:16:58.704  2039 27084 I VrRuntimeService: RuntimeIPC: IPC_SYSTEM_EVENT_CLIENT_DISCONNECTED_EXT: com.beatgames.beatsaber
06-17 08:16:58.704  2039 27065 W PipeUtils: RuntimeIPC: ReadFromPipeInternal: read failed: 0, Socket operation on non-socket
06-17 08:16:58.704  2039 27065 W PipeUtils: RuntimeIPC: ReadFromPipe: ReadFromPipeInternal FAILED
06-17 08:16:58.704  2039 27065 W RPCServerHandlerHelper: RPCServerHandlerHelper::MainLoop: Error reading pipe: ServerProcessConnection
06-17 08:16:58.705  2039  2039 D VrRuntimeService: Package com.beatgames.beatsaber has ossplash true
06-17 08:16:58.705  2039  2039 I ClientMgr: Loading logo from client com.beatgames.beatsaber
06-17 08:16:58.707  2012 15618 D RuntimeIPCService: binderDied: com.beatgames.beatsaber
06-17 08:16:58.707  2012 15618 D ThreadHelpers: RuntimeIPC: ThreadBase: Shutdown
06-17 08:16:58.707  2012 15618 D ThreadHelpers: RuntimeIPC: ThreadBase: RequestShutdown
06-17 08:16:58.657   902  1276 I chatty  : uid=1000(system) Binder:902_3 identical 4 lines
06-17 08:16:58.657   902  1276 I TrackingService: TrackingServiceHost registered common client; there are 0 secure clients
06-17 08:16:58.707   902  1276 I TrackingService: Unregistering client 'com.beatgames.beatsaber#26952' by binder death
06-17 08:16:58.707   902  1276 I TrackingService: TrackingServiceHost Unregistering client: com.beatgames.beatsaber#26952
06-17 08:16:58.707  2012 15618 I RuntimeIPCService: ResetBinderConnection: Removing binder: com.beatgames.beatsaber:com.beatgames.beatsaber:26952
06-17 08:16:58.708  1357  1357 V AvrcpMediaPlayerList: onPlaybackConfigChanged(): Configs list size=3
06-17 08:16:58.708  2620 27063 W PipeUtils: RuntimeIPC: ReadFromPipeInternal: read failed: 0, Socket operation on non-socket
06-17 08:16:58.708  2620 27063 W PipeUtils: RuntimeIPC: ReadFromPipe: ReadFromPipeInternal FAILED
06-17 08:16:58.708  2620 27063 W RPCServerHandlerHelper: RPCServerHandlerHelper::MainLoop: Error reading pipe: ServerProcessConnection
06-17 08:16:58.709  2039  2039 I InterstitialRenderer: Loaded logo into a 800/267 PNG
06-17 08:16:58.709  1082  1122 I libprocessgroup: Successfully killed process cgroup uid 10094 pid 26952 in 316ms
06-17 08:16:58.709  1082  1122 I libprocessgroup: Successfully killed process cgroup uid 1000 pid 21099 in 0ms
06-17 08:16:58.710   736   736 I Zygote  : Process 26952 exited due to signal 9 (Killed)
06-17 08:16:58.710  2039  2039 I VrRuntimeServer: CreateLocalTextureSwapChainGLES: result createswapchaingles 0x7c51ab6000
06-17 08:16:58.710  2039  2039 W rruntimeservic: Attempt to remove invalid index 683 (bottom=7 top=11)
06-17 08:16:58.710  2039  2039 W rruntimeservic: JNI WARNING: DeleteLocalRef(0x2aba) failed to find entry
06-17 08:16:58.710  2039 27084 I ClientMgr: ClientMgr::DestroyClient: 26952:com.beatgames.beatsaber
06-17 08:16:58.710  2039 27084 I ClientMgr: ClientMgr::DestroyClient: 26952:com.beatgames.beatsaber is enabled for rendering on destroy.
06-17 08:16:58.710  2039 27084 I ClientMgr: ClientMgr::EnableRendering 26952:com.beatgames.beatsaber : type 0 comp-id 84: disable
06-17 08:16:58.710  2039 27084 I VrRuntimeServer: DisableCompositorClient: 84
06-17 08:16:58.710  2039 27084 I TimeWarpClientMgr: Disable client 84
06-17 08:16:58.710  2039 27084 W TimeWarpClientMgr: Client 84 already disabled
06-17 08:16:58.713 12731 12731 E PartyStateManager: onAppStart nativeGetSystemVoipData didn't contain state
06-17 08:16:58.713 12731 12731 W VRLifecycleManager: onHeadsetUnmounted
06-17 08:16:58.714  2039 27084 I UnifiedTelemetryWrapper: Stopped UT session render:com.beatgames.beatsaber
06-17 08:16:58.714  2039 27084 I ClientMgr: ClientMgr::DestroyClient Destroying 1 swapchain(s) for 26952:com.beatgames.beatsaber.
06-17 08:16:58.714 20508 17292 I LibraryProvider: running queryApp(com.beatgames.beatsaber) for com.oculus.uid:10041
06-17 08:16:58.715  2039 27084 I VrRuntimeServer: DestroyTextureSwapChain: result destroyswapchain 1
06-17 08:16:58.715  2039 27084 I ClientMgr: ClientMgr::DestroyClient: non-deferred ShutdownResources: -1 == -1 
06-17 08:16:58.715  2039 27084 I VrRuntimeServer: UnRegisterCompositorClient client(84)
06-17 08:16:58.722  2039 27084 I UnifiedTelemetryWrapper: Stopped UT session lifetime:com.beatgames.beatsaber
06-17 08:16:58.722  2039 27084 I ClientMgr: RemoveClient: com.beatgames.beatsaber:com.beatgames.beatsaber:26952
06-17 08:16:58.723  2483  2521 I Clay    : EnvironmentSystem: computed visibility changed from Hidden to Unload (reason: Paused)
06-17 08:16:58.724  2483  2521 I Clay    : EnvironmentStateSystem: Clearing IR due to pausing
06-17 08:16:58.728  1082  1114 W ActivityManager: setHasOverlayUi called on unknown pid: 26952
06-17 08:16:58.729   735 29938 I netd    : firewallSetUidRule(2, 10034, 1) <0.03ms>
06-17 08:16:58.735  1684  1684 D OculusNotificationListenerService: Notification posted: 0|android|0|com.android.server.wm.AlertWindowNotification - com.oculus.vrshell|1000
06-17 08:16:58.737  2286  2286 I [OAO] VrNotificationListenerService: onNotificationPosted(): key = 0|android|0|com.android.server.wm.AlertWindowNotification - com.oculus.vrshell|1000, type = third_party
06-17 08:16:58.737  2286  2286 I [OAO] VrNotificationListenerService: onNotificationPosted(): user|package|tag|id = UserHandle{0}|android|com.android.server.wm.AlertWindowNotification - com.oculus.vrshell|0
06-17 08:16:58.739  2286  2286 D VrNotificationAnalytics: logNotificationPosted(third_party)
06-17 08:16:58.740  2286  2286 D [OAO] VrBroadcastReceiver: action: com.oculus.vrshell.intent.action.NOTIFICATION_WAKE
06-17 08:16:58.742  2286  2286 D [OAO] VrNotificationService: VrNotificationService onStartCommand() Intent { cmp=com.oculus.vrshell/.VrNotificationService }
06-17 08:16:58.743 16118 16118 D [SUI] NotificationBroadcastReceiver: action: com.oculus.intent.action.NOTIF_CHANGE
06-17 08:16:58.743 16118 16118 I NotificationManagerSourceHandler: Dataset has changed
06-17 08:16:58.744 28908 28908 I libmain - patched: JNI_OnLoad called, linking JNI methods
06-17 08:16:58.745 28908 28908 V libmain - patched: Calling preload
06-17 08:16:58.745 28908 28908 V libmain - patched: Attempting to load libmodloader in jni::modloader::preload()
06-17 08:16:58.745  1082  1289 D NotificationSQLiteLog: Pruned event entries: 0
06-17 08:16:58.747 28908 28908 V libmain - patched: libmodloader loaded
06-17 08:16:58.747 28908 28908 V libmain - patched: Calling modloader_preload
06-17 08:16:58.747 28908 28908 V libmodloader: modloader_preload called (should be really early)
06-17 08:16:58.747 28908 28908 I libmodloader: Welcome!
06-17 08:16:58.747 28908 28908 V libmain - patched: Preloading done
06-17 08:16:58.747 28908 28908 I libmain - patched: JNI_OnLoad done!
06-17 08:16:58.747 28908 28908 V libmain - patched: Searching in /data/app/com.beatgames.beatsaber-_aQ7vKcOk2gs3f7VpiO_jg==/lib/arm64
06-17 08:16:58.747 28908 28908 V libmain - patched: Got JVM
06-17 08:16:58.747 28908 28908 V libmain - patched: Loaded libmodloader
06-17 08:16:58.747 28908 28908 V libmain - patched: Using libmodloader's modloader_main
06-17 08:16:58.747 28908 28908 V libmodloader: modloader_main called with vm: 0x0x7d5faf91c0, env: 0x0x7d5fb46000, loadSrc: /data/app/com.beatgames.beatsaber-_aQ7vKcOk2gs3f7VpiO_jg==/lib/arm64/libmodloader.so
06-17 08:16:58.748 28908 28908 D libmodloader: checkSelfPermission(WRITE_EXTERNAL_STORAGE) returned: 0
06-17 08:16:58.748 28908 28908 D main-modloader: libil2cpp path: /data/app/com.beatgames.beatsaber-_aQ7vKcOk2gs3f7VpiO_jg==/lib/arm64/libil2cpp.so
06-17 08:16:58.748 28908 28908 V libmodloader: Protecting memory from /proc/self/maps!
06-17 08:16:58.749 28908 28908 D libmodloader: Line: 5e4bbfe000-5e4bc02000 --xp 00002000 fd:04 576                            /system/bin/app_process64
06-17 08:16:58.749 28908 28908 I libmodloader: Protecting memory: 0x5e4bbfe000 - 0x5e4bc02000 with perms: --xp to: +rx
06-17 08:16:58.751 28908 28908 D libmodloader: Line: 7c82f25000-7c82f27000 --xp 00000000 fd:04 2740                           /system/lib64/libashmemd_client.so
06-17 08:16:58.751 28908 28908 I libmodloader: Protecting memory: 0x7c82f25000 - 0x7c82f27000 with perms: --xp to: +rx
06-17 08:16:58.751 28908 28908 D libmodloader: Line: 7c82f4f000-7c82f51000 --xp 00003000 fd:04 2691                           /system/lib64/ashmemd_aidl_interface-cpp.so
06-17 08:16:58.751 28908 28908 I libmodloader: Protecting memory: 0x7c82f4f000 - 0x7c82f51000 with perms: --xp to: +rx
06-17 08:16:58.751 28908 28908 D libmodloader: Line: 7cc2f9c000-7cc2f9e000 --xp 00000000 fd:04 3083                           /system/lib64/libwebviewchromium_loader.so
06-17 08:16:58.751 28908 28908 I libmodloader: Protecting memory: 0x7cc2f9c000 - 0x7cc2f9e000 with perms: --xp to: +rx
06-17 08:16:58.751 28908 28908 D libmodloader: Line: 7cc2ffa000-7cc300c000 --xp 00007000 fd:04 2810                           /system/lib64/libcompiler_rt.so
06-17 08:16:58.751 28908 28908 I libmodloader: Protecting memory: 0x7cc2ffa000 - 0x7cc300c000 with perms: --xp to: +rx
06-17 08:16:58.751 28908 28908 D libmodloader: Line: 7cc30a3000-7cc30ad000 --xp 0000b000 fd:05 1137                           /vendor/lib64/vendor.qti.hardware.display.mapper@2.0.so
06-17 08:16:58.751 28908 28908 I libmodloader: Protecting memory: 0x7cc30a3000 - 0x7cc30ad000 with perms: --xp to: +rx
06-17 08:16:58.751 28908 28908 D libmodloader: Line: 7cc30d6000-7cc30e0000 --xp 00008000 fd:05 859                            /vendor/lib64/egl/eglSubDriverAndroid.so
06-17 08:16:58.751 28908 28908 I libmodloader: Protecting memory: 0x7cc30d6000 - 0x7cc30e0000 with perms: --xp to: +rx
06-17 08:16:58.751 28908 28908 D libmodloader: Line: 7cc3113000-7cc313a000 --xp 00013000 fd:05 861                            /vendor/lib64/egl/libGLESv1_CM_adreno.so
06-17 08:16:58.751 28908 28908 I libmodloader: Protecting memory: 0x7cc3113000 - 0x7cc313a000 with perms: --xp to: +rx
06-17 08:16:58.751 28908 28908 D libmodloader: Line: 7cc3274000-7cc35ae000 --xp 00119000 fd:05 862                            /vendor/lib64/egl/libGLESv2_adreno.so
06-17 08:16:58.751 28908 28908 I libmodloader: Protecting memory: 0x7cc3274000 - 0x7cc35ae000 with perms: --xp to: +rx
06-17 08:16:58.751 28908 28908 D libmodloader: Line: 7cc365b000-7cc373b000 --xp 0003d000 fd:05 1004                           /vendor/lib64/libllvm-glnext.so
06-17 08:16:58.751 28908 28908 I libmodloader: Protecting memory: 0x7cc365b000 - 0x7cc373b000 with perms: --xp to: +rx
06-17 08:16:58.751 28908 28908 D libmodloader: Line: 7cc37a7000-7cc37b6000 --xp 00007000 fd:04 3366                           /system/lib64/vndk-sp-29/libz.so
06-17 08:16:58.751 28908 28908 I libmodloader: Protecting memory: 0x7cc37a7000 - 0x7cc37b6000 with perms: --xp to: +rx
06-17 08:16:58.751 28908 28908 D libmodloader: Line: 7cc3899000-7cc39ef000 --xp 000bd000 fd:05 983                            /vendor/lib64/libgsl.so
06-17 08:16:58.751 28908 28908 I libmodloader: Protecting memory: 0x7cc3899000 - 0x7cc39ef000 with perms: --xp to: +rx
06-17 08:16:58.751 28908 28908 D libmodloader: Line: 7cc3a2b000-7cc3a2f000 --xp 00005000 fd:05 860                            /vendor/lib64/egl/libEGL_adreno.so
06-17 08:16:58.751 28908 28908 I libmodloader: Protecting memory: 0x7cc3a2b000 - 0x7cc3a2f000 with perms: --xp to: +rx
06-17 08:16:58.751 28908 28908 D libmodloader: Line: 7cc3a4f000-7cc3a5b000 --xp 00007000 fd:05 927                            /vendor/lib64/libadreno_utils.so
06-17 08:16:58.751 28908 28908 I libmodloader: Protecting memory: 0x7cc3a4f000 - 0x7cc3a5b000 with perms: --xp to: +rx
06-17 08:16:58.751 28908 28908 D libmodloader: Line: 7cc3af7000-7cc3b68000 --xp 0004e000 fd:04 3349                           /system/lib64/vndk-sp-29/libc++.so
06-17 08:16:58.751 28908 28908 I libmodloader: Protecting memory: 0x7cc3af7000 - 0x7cc3b68000 with perms: --xp to: +rx
06-17 08:16:58.751 28908 28908 D libmodloader: Line: 7cc3b99000-7cc3ba1000 --xp 00006000 fd:05 982                            /vendor/lib64/libgrallocutils.so
06-17 08:16:58.751 28908 28908 I libmodloader: Protecting memory: 0x7cc3b99000 - 0x7cc3ba1000 with perms: --xp to: +rx
06-17 08:16:58.751 28908 28908 D libmodloader: Line: 7cc3bc7000-7cc3bc8000 --xp 00000000 fd:04 3357                           /system/lib64/vndk-sp-29/libhwbinder.so
06-17 08:16:58.751 28908 28908 I libmodloader: Protecting memory: 0x7cc3bc7000 - 0x7cc3bc8000 with perms: --xp to: +rx
06-17 08:16:58.752 28908 28908 D libmodloader: Line: 7cc3c5d000-7cc3cb1000 --xp 00040000 fd:04 3354                           /system/lib64/vndk-sp-29/libhidlbase.so
06-17 08:16:58.752 28908 28908 I libmodloader: Protecting memory: 0x7cc3c5d000 - 0x7cc3cb1000 with perms: --xp to: +rx
06-17 08:16:58.752 28908 28908 D libmodloader: Line: 7cc3cd9000-7cc3ce3000 --xp 0000b000 fd:05 1138                           /vendor/lib64/vendor.qti.hardware.display.mapper@3.0.so
06-17 08:16:58.752 28908 28908 I libmodloader: Protecting memory: 0x7cc3cd9000 - 0x7cc3ce3000 with perms: --xp to: +rx
06-17 08:16:58.752 28908 28908 D libmodloader: Line: 7cc3d35000-7cc3d39000 --xp 00007000 fd:05 872                            /vendor/lib64/hw/android.hardware.graphics.mapper@3.0-impl-qti-display.so
06-17 08:16:58.752 28908 28908 I libmodloader: Protecting memory: 0x7cc3d35000 - 0x7cc3d39000 with perms: --xp to: +rx
06-17 08:16:58.752 28908 28908 D libmodloader: Line: 7cc3d52000-7cc3d56000 --xp 00005000 fd:05 981                            /vendor/lib64/libgralloccore.so
06-17 08:16:58.752 28908 28908 I libmodloader: Protecting memory: 0x7cc3d52000 - 0x7cc3d56000 with perms: --xp to: +rx
06-17 08:16:58.752 28908 28908 D libmodloader: Line: 7cc3d88000-7cc3d89000 --xp 00000000 fd:04 3329                           /system/lib64/vndk-sp-29/android.hardware.graphics.common@1.0.so
06-17 08:16:58.752 28908 28908 I libmodloader: Protecting memory: 0x7cc3d88000 - 0x7cc3d89000 with perms: --xp to: +rx
06-17 08:16:58.752 28908 28908 D libmodloader: Line: 7cc3ded000-7cc3df0000 --xp 00001000 fd:05 1025                           /vendor/lib64/libqdMetaData.so
06-17 08:16:58.752 28908 28908 I libmodloader: Protecting memory: 0x7cc3ded000 - 0x7cc3df0000 with perms: --xp to: +rx
06-17 08:16:58.752 28908 28908 D libmodloader: Line: 7cc3e1c000-7cc3e1e000 --xp 00000000 fd:04 3359                           /system/lib64/vndk-sp-29/libion.so
06-17 08:16:58.752 28908 28908 I libmodloader: Protecting memory: 0x7cc3e1c000 - 0x7cc3e1e000 with perms: --xp to: +rx
06-17 08:16:58.752 28908 28908 D libmodloader: Line: 7cc3e68000-7cc3e69000 --xp 00000000 fd:04 3356                           /system/lib64/vndk-sp-29/libhidltransport.so
06-17 08:16:58.752 28908 28908 I libmodloader: Protecting memory: 0x7cc3e68000 - 0x7cc3e69000 with perms: --xp to: +rx
06-17 08:16:58.752 28908 28908 D libmodloader: Line: 7cc3e9e000-7cc3ead000 --xp 0000e000 fd:05 1139                           /vendor/lib64/vendor.qti.hardware.display.mapperextensions@1.0.so
06-17 08:16:58.752 28908 28908 I libmodloader: Protecting memory: 0x7cc3e9e000 - 0x7cc3ead000 with perms: --xp to: +rx
06-17 08:16:58.752 28908 28908 D libmodloader: Line: 7cc3ee3000-7cc3eec000 --xp 00008000 fd:04 3345                           /system/lib64/vndk-sp-29/libbase.so
06-17 08:16:58.752 28908 28908 I libmodloader: Protecting memory: 0x7cc3ee3000 - 0x7cc3eec000 with perms: --xp to: +rx
06-17 08:16:58.752 28908 28908 D libmodloader: Line: 7cc3f18000-7cc3f3c000 --xp 00015000 fd:04 3362                           /system/lib64/vndk-sp-29/libprocessgroup.so
06-17 08:16:58.752 28908 28908 I libmodloader: Protecting memory: 0x7cc3f18000 - 0x7cc3f3c000 with perms: --xp to: +rx
06-17 08:16:58.752 28908 28908 D libmodloader: Line: 7cc3f63000-7cc3f6c000 --xp 00009000 fd:04 3332                           /system/lib64/vndk-sp-29/android.hardware.graphics.mapper@2.0.so
06-17 08:16:58.752 28908 28908 I libmodloader: Protecting memory: 0x7cc3f63000 - 0x7cc3f6c000 with perms: --xp to: +rx
06-17 08:16:58.752 28908 28908 D libmodloader: Line: 7cc3f81000-7cc3f82000 --xp 00000000 fd:04 3330                           /system/lib64/vndk-sp-29/android.hardware.graphics.common@1.1.so
06-17 08:16:58.752 28908 28908 I libmodloader: Protecting memory: 0x7cc3f81000 - 0x7cc3f82000 with perms: --xp to: +rx
06-17 08:16:58.752 28908 28908 D libmodloader: Line: 7cc3ff1000-7cc3ff2000 --xp 00000000 fd:04 3331                           /system/lib64/vndk-sp-29/android.hardware.graphics.common@1.2.so
06-17 08:16:58.752 28908 28908 I libmodloader: Protecting memory: 0x7cc3ff1000 - 0x7cc3ff2000 with perms: --xp to: +rx
06-17 08:16:58.752 28908 28908 D libmodloader: Line: 7cc4009000-7cc400b000 --xp 00001000 fd:04 3347                           /system/lib64/vndk-sp-29/libbinderthreadstate.so
06-17 08:16:58.752 28908 28908 I libmodloader: Protecting memory: 0x7cc4009000 - 0x7cc400b000 with perms: --xp to: +rx
06-17 08:16:58.752 28908 28908 D libmodloader: Line: 7cc4050000-7cc405d000 --xp 0000e000 fd:04 3364                           /system/lib64/vndk-sp-29/libutils.so
06-17 08:16:58.752 28908 28908 I libmodloader: Protecting memory: 0x7cc4050000 - 0x7cc405d000 with perms: --xp to: +rx
06-17 08:16:58.752 28908 28908 D libmodloader: Line: 7cc408f000-7cc4098000 --xp 0000a000 fd:04 3333                           /system/lib64/vndk-sp-29/android.hardware.graphics.mapper@2.1.so
06-17 08:16:58.752 28908 28908 I libmodloader: Protecting memory: 0x7cc408f000 - 0x7cc4098000 with perms: --xp to: +rx
06-17 08:16:58.752 28908 28908 D libmodloader: Line: 7cc40ef000-7cc40f1000 --xp 00000000 fd:04 3353                           /system/lib64/vndk-sp-29/libhardware.so
06-17 08:16:58.752 28908 28908 I libmodloader: Protecting memory: 0x7cc40ef000 - 0x7cc40f1000 with perms: --xp to: +rx
06-17 08:16:58.752 28908 28908 D libmodloader: Line: 7cc412c000-7cc4137000 --xp 0000a000 fd:04 3334                           /system/lib64/vndk-sp-29/android.hardware.graphics.mapper@3.0.so
06-17 08:16:58.752 28908 28908 I libmodloader: Protecting memory: 0x7cc412c000 - 0x7cc4137000 with perms: --xp to: +rx
06-17 08:16:58.752 28908 28908 D libmodloader: Line: 7cc4170000-7cc417c000 --xp 0000e000 fd:05 1140                           /vendor/lib64/vendor.qti.hardware.display.mapperextensions@1.1.so
06-17 08:16:58.752 28908 28908 I libmodloader: Protecting memory: 0x7cc4170000 - 0x7cc417c000 with perms: --xp to: +rx
06-17 08:16:58.752 28908 28908 D libmodloader: Line: 7cc418d000-7cc4196000 --xp 00006000 fd:04 3351                           /system/lib64/vndk-sp-29/libcutils.so
06-17 08:16:58.752 28908 28908 I libmodloader: Protecting memory: 0x7cc418d000 - 0x7cc4196000 with perms: --xp to: +rx
06-17 08:16:58.752 28908 28908 D libmodloader: Line: 7cc4cb9000-7cc4d2a000 --xp 0004e000 fd:04 81                             /apex/com.android.conscrypt/lib64/libc++.so
06-17 08:16:58.752 28908 28908 I libmodloader: Protecting memory: 0x7cc4cb9000 - 0x7cc4d2a000 with perms: --xp to: +rx
06-17 08:16:58.753 28908 28908 D libmodloader: Line: 7cc4dbd000-7cc4e64000 --xp 00075000 fd:04 82                             /apex/com.android.conscrypt/lib64/libcrypto.so
06-17 08:16:58.753 28908 28908 I libmodloader: Protecting memory: 0x7cc4dbd000 - 0x7cc4e64000 with perms: --xp to: +rx
06-17 08:16:58.753 28908 28908 D libmodloader: Line: 7cc4ea4000-7cc4ecb000 --xp 00019000 fd:04 83                             /apex/com.android.conscrypt/lib64/libjavacrypto.so
06-17 08:16:58.753 28908 28908 I libmodloader: Protecting memory: 0x7cc4ea4000 - 0x7cc4ecb000 with perms: --xp to: +rx
06-17 08:16:58.753 28908 28908 D libmodloader: Line: 7cc4f3c000-7cc4f6e000 --xp 0001d000 fd:04 84                             /apex/com.android.conscrypt/lib64/libssl.so
06-17 08:16:58.753 28908 28908 I libmodloader: Protecting memory: 0x7cc4f3c000 - 0x7cc4f6e000 with perms: --xp to: +rx
06-17 08:16:58.753 28908 28908 D libmodloader: Line: 7cc4f96000-7cc4f9c000 --xp 00005000 fd:04 3018                           /system/lib64/libsoundpool.so
06-17 08:16:58.753 28908 28908 I libmodloader: Protecting memory: 0x7cc4f96000 - 0x7cc4f9c000 with perms: --xp to: +rx
06-17 08:16:58.753 28908 28908 D libmodloader: Line: 7cc4ff6000-7cc4ff7000 --xp 00000000 fd:04 2741                           /system/lib64/libasyncio.so
06-17 08:16:58.753 28908 28908 I libmodloader: Protecting memory: 0x7cc4ff6000 - 0x7cc4ff7000 with perms: --xp to: +rx
06-17 08:16:58.753 28908 28908 D libmodloader: Line: 7cc5015000-7cc5037000 --xp 00014000 fd:04 2945                           /system/lib64/libmtp.so
06-17 08:16:58.753 28908 28908 I libmodloader: Protecting memory: 0x7cc5015000 - 0x7cc5037000 with perms: --xp to: +rx
06-17 08:16:58.753 28908 28908 D libmodloader: Line: 7cc5056000-7cc5067000 --xp 00012000 fd:04 2837                           /system/lib64/libexif.so
06-17 08:16:58.753 28908 28908 I libmodloader: Protecting memory: 0x7cc5056000 - 0x7cc5067000 with perms: --xp to: +rx
06-17 08:16:58.753 28908 28908 D libmodloader: Line: 7cc50b6000-7cc50f1000 --xp 00030000 fd:04 2926                           /system/lib64/libmedia_jni.so
06-17 08:16:58.753 28908 28908 I libmodloader: Protecting memory: 0x7cc50b6000 - 0x7cc50f1000 with perms: --xp to: +rx
06-17 08:16:58.753 28908 28908 D libmodloader: Line: 7ccffc7000-7cd0130000 --xp 0009d000 fd:04 333                            /apex/com.android.runtime/lib64/libvixl.so
06-17 08:16:58.753 28908 28908 I libmodloader: Protecting memory: 0x7ccffc7000 - 0x7cd0130000 with perms: --xp to: +rx
06-17 08:16:58.753 28908 28908 D libmodloader: Line: 7cd0206000-7cd03e3000 --xp 000b9000 fd:04 298                            /apex/com.android.runtime/lib64/libart-compiler.so
06-17 08:16:58.753 28908 28908 I libmodloader: Protecting memory: 0x7cd0206000 - 0x7cd03e3000 with perms: --xp to: +rx
06-17 08:16:58.753 28908 28908 D libmodloader: Line: 7cd0419000-7cd041e000 --xp 00003000 fd:04 327                            /apex/com.android.runtime/lib64/libopenjdkjvm.so
06-17 08:16:58.753 28908 28908 I libmodloader: Protecting memory: 0x7cd0419000 - 0x7cd041e000 with perms: --xp to: +rx
06-17 08:16:58.753 28908 28908 D libmodloader: Line: 7cd045d000-7cd0478000 --xp 00017000 fd:04 326                            /apex/com.android.runtime/lib64/libopenjdk.so
06-17 08:16:58.753 28908 28908 I libmodloader: Protecting memory: 0x7cd045d000 - 0x7cd0478000 with perms: --xp to: +rx
06-17 08:16:58.754 28908 28908 D libmodloader: Line: 7cd1be3000-7cd1be4000 --xp 00000000 fd:04 297                            /apex/com.android.runtime/lib64/libandroidio.so
06-17 08:16:58.754 28908 28908 I libmodloader: Protecting memory: 0x7cd1be3000 - 0x7cd1be4000 with perms: --xp to: +rx
06-17 08:16:58.754 28908 28908 D libmodloader: Line: 7cd1c41000-7cd1c6a000 --xp 00015000 fd:04 319                            /apex/com.android.runtime/lib64/libjavacore.so
06-17 08:16:58.754 28908 28908 I libmodloader: Protecting memory: 0x7cd1c41000 - 0x7cd1c6a000 with perms: --xp to: +rx
06-17 08:16:58.754 28908 28908 D libmodloader: Line: 7cd1d4e000-7cd1d65000 --xp 00004000 fd:04 2946                           /system/lib64/libmve.so
06-17 08:16:58.754 28908 28908 I libmodloader: Protecting memory: 0x7cd1d4e000 - 0x7cd1d65000 with perms: --xp to: +rx
06-17 08:16:58.754 28908 28908 D libmodloader: Line: 7cd1dba000-7cd1dbc000 --xp 00000000 fd:04 2892                           /system/lib64/libion.so
06-17 08:16:58.754 28908 28908 I libmodloader: Protecting memory: 0x7cd1dba000 - 0x7cd1dbc000 with perms: --xp to: +rx
06-17 08:16:58.754 28908 28908 D libmodloader: Line: 7cd1dd9000-7cd1e06000 --xp 00013000 fd:04 2815                           /system/lib64/libcvp2.so
06-17 08:16:58.754 28908 28908 I libmodloader: Protecting memory: 0x7cd1dd9000 - 0x7cd1e06000 with perms: --xp to: +rx
06-17 08:16:58.754 28908 28908 D libmodloader: Line: 7cd1e75000-7cd1e79000 --xp 00002000 fd:04 2816                           /system/lib64/libcvp2_hfi.so
06-17 08:16:58.754 28908 28908 I libmodloader: Protecting memory: 0x7cd1e75000 - 0x7cd1e79000 with perms: --xp to: +rx
06-17 08:16:58.754 28908 28908 D libmodloader: Line: 7cd1ea3000-7cd1ea5000 --xp 00002000 fd:04 2817                           /system/lib64/libcvp_common.so
06-17 08:16:58.754 28908 28908 I libmodloader: Protecting memory: 0x7cd1ea3000 - 0x7cd1ea5000 with perms: --xp to: +rx
06-17 08:16:58.754 28908 28908 D libmodloader: Line: 7cd2220000-7cd2222000 --xp 00001000 fd:04 3084                           /system/lib64/libwebviewchromium_plat_support.so
06-17 08:16:58.754 28908 28908 I libmodloader: Protecting memory: 0x7cd2220000 - 0x7cd2222000 with perms: --xp to: +rx
06-17 08:16:58.754 28908 28908 D libmodloader: Line: 7cd2254000-7cd225c000 --xp 00006000 fd:04 2719                           /system/lib64/libRS.so
06-17 08:16:58.754 28908 28908 I libmodloader: Protecting memory: 0x7cd2254000 - 0x7cd225c000 with perms: --xp to: +rx
06-17 08:16:58.754 28908 28908 D libmodloader: Line: 7cd22a7000-7cd22d2000 --xp 0001c000 fd:04 2662                           /system/lib64/android.hardware.renderscript@1.0.so
06-17 08:16:58.754 28908 28908 I libmodloader: Protecting memory: 0x7cd22a7000 - 0x7cd22d2000 with perms: --xp to: +rx
06-17 08:16:58.754 28908 28908 D libmodloader: Line: 7cd2322000-7cd2325000 --xp 00002000 fd:04 3066                           /system/lib64/libutilscallstack.so
06-17 08:16:58.754 28908 28908 I libmodloader: Protecting memory: 0x7cd2322000 - 0x7cd2325000 with perms: --xp to: +rx
06-17 08:16:58.754 28908 28908 D libmodloader: Line: 7cd2350000-7cd2351000 --xp 00001000 fd:04 2717                           /system/lib64/libOpenSLES.so
06-17 08:16:58.754 28908 28908 I libmodloader: Protecting memory: 0x7cd2350000 - 0x7cd2351000 with perms: --xp to: +rx
06-17 08:16:58.754 28908 28908 D libmodloader: Line: 7cd23ba000-7cd23bb000 --xp 00001000 fd:04 2716                           /system/lib64/libOpenMAXAL.so
06-17 08:16:58.754 28908 28908 I libmodloader: Protecting memory: 0x7cd23ba000 - 0x7cd23bb000 with perms: --xp to: +rx
06-17 08:16:58.754 28908 28908 D libmodloader: Line: 7cd23e1000-7cd23e4000 --xp 00000000 fd:04 3046                           /system/lib64/libtextclassifier_hash.so
06-17 08:16:58.754 28908 28908 I libmodloader: Protecting memory: 0x7cd23e1000 - 0x7cd23e4000 with perms: --xp to: +rx
06-17 08:16:58.754 28908 28908 D libmodloader: Line: 7cd241e000-7cd2436000 --xp 00014000 fd:04 2654                           /system/lib64/android.hardware.neuralnetworks@1.0.so
06-17 08:16:58.754 28908 28908 I libmodloader: Protecting memory: 0x7cd241e000 - 0x7cd2436000 with perms: --xp to: +rx
06-17 08:16:58.754 28908 28908 D libmodloader: Line: 7cd2488000-7cd24b4000 --xp 00027000 fd:04 2656                           /system/lib64/android.hardware.neuralnetworks@1.2.so
06-17 08:16:58.754 28908 28908 I libmodloader: Protecting memory: 0x7cd2488000 - 0x7cd24b4000 with perms: --xp to: +rx
06-17 08:16:58.754 28908 28908 D libmodloader: Line: 7cd24da000-7cd24e4000 --xp 0000a000 fd:04 2655                           /system/lib64/android.hardware.neuralnetworks@1.1.so
06-17 08:16:58.754 28908 28908 I libmodloader: Protecting memory: 0x7cd24da000 - 0x7cd24e4000 with perms: --xp to: +rx
06-17 08:16:58.754 28908 28908 D libmodloader: Line: 7cd250d000-7cd250e000 --xp 00000000 fd:04 2683                           /system/lib64/android.hidl.safe_union@1.0.so
06-17 08:16:58.754 28908 28908 I libmodloader: Protecting memory: 0x7cd250d000 - 0x7cd250e000 with perms: --xp to: +rx
06-17 08:16:58.754 28908 28908 D libmodloader: Line: 7cd256f000-7cd26de000 --xp 0002d000 fd:04 2959                           /system/lib64/libneuralnetworks.so
06-17 08:16:58.754 28908 28908 I libmodloader: Protecting memory: 0x7cd256f000 - 0x7cd26de000 with perms: --xp to: +rx
06-17 08:16:58.754 28908 28908 D libmodloader: Line: 7cd2a34000-7cd2a36000 --xp 00001000 fd:04 2853                           /system/lib64/libfmq.so
06-17 08:16:58.754 28908 28908 I libmodloader: Protecting memory: 0x7cd2a34000 - 0x7cd2a36000 with perms: --xp to: +rx
06-17 08:16:58.754 28908 28908 D libmodloader: Line: 7cd2a5b000-7cd2a5c000 --xp 00000000 fd:04 2897                           /system/lib64/libjnigraphics.so
06-17 08:16:58.754 28908 28908 I libmodloader: Protecting memory: 0x7cd2a5b000 - 0x7cd2a5c000 with perms: --xp to: +rx
06-17 08:16:58.755 28908 28908 D libmodloader: Line: 7cd2a90000-7cd2ab9000 --xp 0000d000 fd:04 2791                           /system/lib64/libcamera2ndk.so
06-17 08:16:58.755 28908 28908 I libmodloader: Protecting memory: 0x7cd2a90000 - 0x7cd2ab9000 with perms: --xp to: +rx
06-17 08:16:58.755 28908 28908 D libmodloader: Line: 7cd2ac8000-7cd2acf000 --xp 00007000 fd:04 2768                           /system/lib64/libbinder_ndk.so
06-17 08:16:58.755 28908 28908 I libmodloader: Protecting memory: 0x7cd2ac8000 - 0x7cd2acf000 with perms: --xp to: +rx
06-17 08:16:58.755 28908 28908 D libmodloader: Line: 7cd2b24000-7cd2b36000 --xp 0000f000 fd:04 2931                           /system/lib64/libmediadrmmetrics_lite.so
06-17 08:16:58.755 28908 28908 I libmodloader: Protecting memory: 0x7cd2b24000 - 0x7cd2b36000 with perms: --xp to: +rx
06-17 08:16:58.755 28908 28908 D libmodloader: Line: 7cd2b73000-7cd2b75000 --xp 00001000 fd:04 2936                           /system/lib64/libmediandk_utils.so
06-17 08:16:58.755 28908 28908 I libmodloader: Protecting memory: 0x7cd2b73000 - 0x7cd2b75000 with perms: --xp to: +rx
06-17 08:16:58.755 28908 28908 D libmodloader: Line: 7cd2bb0000-7cd2bb1000 --xp 00000000 fd:04 2735                           /system/lib64/libandroid_runtime_lazy.so
06-17 08:16:58.755 28908 28908 I libmodloader: Protecting memory: 0x7cd2bb0000 - 0x7cd2bb1000 with perms: --xp to: +rx
06-17 08:16:58.755 28908 28908 D libmodloader: Line: 7cd2bce000-7cd2bd0000 --xp 00000000 fd:04 2927                           /system/lib64/libmedia_jni_utils.so
06-17 08:16:58.755 28908 28908 I libmodloader: Protecting memory: 0x7cd2bce000 - 0x7cd2bd0000 with perms: --xp to: +rx
06-17 08:16:58.755 28908 28908 D libmodloader: Line: 7cd2c19000-7cd2c34000 --xp 00014000 fd:04 2935                           /system/lib64/libmediandk.so
06-17 08:16:58.755 28908 28908 I libmodloader: Protecting memory: 0x7cd2c19000 - 0x7cd2c34000 with perms: --xp to: +rx
06-17 08:16:58.755 28908 28908 D libmodloader: Line: 7cd2c58000-7cd2c70000 --xp 00015000 fd:04 2930                           /system/lib64/libmediadrm.so
06-17 08:16:58.755 28908 28908 I libmodloader: Protecting memory: 0x7cd2c58000 - 0x7cd2c70000 with perms: --xp to: +rx
06-17 08:16:58.755 28908 28908 D libmodloader: Line: 7cd2cb6000-7cd2cb9000 --xp 00002000 fd:04 2731                           /system/lib64/libamidi.so
06-17 08:16:58.755 28908 28908 I libmodloader: Protecting memory: 0x7cd2cb6000 - 0x7cd2cb9000 with perms: --xp to: +rx
06-17 08:16:58.755 28908 28908 D libmodloader: Line: 7cd2cee000-7cd2d1c000 --xp 00020000 fd:04 2617                           /system/lib64/android.hardware.drm@1.0.so
06-17 08:16:58.755 28908 28908 I libmodloader: Protecting memory: 0x7cd2cee000 - 0x7cd2d1c000 with perms: --xp to: +rx
06-17 08:16:58.755 28908 28908 D libmodloader: Line: 7cd2d50000-7cd2d58000 --xp 00006000 fd:04 2924                           /system/lib64/libmedia2_jni_core.so
06-17 08:16:58.755 28908 28908 I libmodloader: Protecting memory: 0x7cd2d50000 - 0x7cd2d58000 with perms: --xp to: +rx
06-17 08:16:58.755 28908 28908 D libmodloader: Line: 7cd2dae000-7cd2dd7000 --xp 00026000 fd:04 2619                           /system/lib64/android.hardware.drm@1.2.so
06-17 08:16:58.755 28908 28908 I libmodloader: Protecting memory: 0x7cd2dae000 - 0x7cd2dd7000 with perms: --xp to: +rx
06-17 08:16:58.755 28908 28908 D libmodloader: Line: 7cd2e1a000-7cd2e35000 --xp 00019000 fd:04 2618                           /system/lib64/android.hardware.drm@1.1.so
06-17 08:16:58.755 28908 28908 I libmodloader: Protecting memory: 0x7cd2e1a000 - 0x7cd2e35000 with perms: --xp to: +rx
06-17 08:16:58.755 28908 28908 D libmodloader: Line: 7cd2e61000-7cd2e87000 --xp 0001b000 fd:04 2726                           /system/lib64/libaaudio.so
06-17 08:16:58.755 28908 28908 I libmodloader: Protecting memory: 0x7cd2e61000 - 0x7cd2e87000 with perms: --xp to: +rx
06-17 08:16:58.755 28908 28908 D libmodloader: Line: 7cd2f0b000-7cd2ffa000 --xp 0004a000 fd:04 3092                           /system/lib64/libxml2.so
06-17 08:16:58.755 28908 28908 I libmodloader: Protecting memory: 0x7cd2f0b000 - 0x7cd2ffa000 with perms: --xp to: +rx
06-17 08:16:58.755 28908 28908 D libmodloader: Line: 7cd3027000-7cd3035000 --xp 00011000 fd:04 2732                           /system/lib64/libandroid.so
06-17 08:16:58.755 28908 28908 I libmodloader: Protecting memory: 0x7cd3027000 - 0x7cd3035000 with perms: --xp to: +rx
06-17 08:16:58.755 28908 28908 D libmodloader: Line: 7cd304e000-7cd3056000 --xp 00004000 fd:04 295                            /apex/com.android.runtime/lib64/libadbconnection.so
06-17 08:16:58.755 28908 28908 I libmodloader: Protecting memory: 0x7cd304e000 - 0x7cd3056000 with perms: --xp to: +rx
06-17 08:16:58.755 28908 28908 D libmodloader: Line: 7cda76f000-7cda770000 --xp 00001000 fd:04 2739                           /system/lib64/libartpalette-system.so
06-17 08:16:58.756 28908 28908 I libmodloader: Protecting memory: 0x7cda76f000 - 0x7cda770000 with perms: --xp to: +rx
06-17 08:16:58.756 28908 28908 D libmodloader: Line: 7cda79a000-7cda79e000 --xp 00001000 fd:04 3051                           /system/lib64/libtombstoned_client.so
06-17 08:16:58.756 28908 28908 I libmodloader: Protecting memory: 0x7cda79a000 - 0x7cda79e000 with perms: --xp to: +rx
06-17 08:16:58.756 28908 28908 D libmodloader: Line: 7cda7db000-7cda7fa000 --xp 0000f000 fd:04 330                            /apex/com.android.runtime/lib64/libprofile.so
06-17 08:16:58.756 28908 28908 I libmodloader: Protecting memory: 0x7cda7db000 - 0x7cda7fa000 with perms: --xp to: +rx
06-17 08:16:58.756 28908 28908 D libmodloader: Line: 7cda932000-7cdadb5000 --xp 00130000 fd:04 301                            /apex/com.android.runtime/lib64/libart.so
06-17 08:16:58.756 28908 28908 I libmodloader: Protecting memory: 0x7cda932000 - 0x7cdadb5000 with perms: --xp to: +rx
06-17 08:16:58.756 28908 28908 D libmodloader: Line: 7cdb462000-7cdb463000 --xp 00000000 fd:04 303                            /apex/com.android.runtime/lib64/libartpalette.so
06-17 08:16:58.756 28908 28908 I libmodloader: Protecting memory: 0x7cdb462000 - 0x7cdb463000 with perms: --xp to: +rx
06-17 08:16:58.756 28908 28908 D libmodloader: Line: 7d5b4aa000-7d5b4ac000 --xp 00001000 fd:04 2769                           /system/lib64/libbinderthreadstate.so
06-17 08:16:58.756 28908 28908 I libmodloader: Protecting memory: 0x7d5b4aa000 - 0x7d5b4ac000 with perms: --xp to: +rx
06-17 08:16:58.756 28908 28908 D libmodloader: Line: 7d5b4ce000-7d5b4dd000 --xp 00007000 fd:04 3095                           /system/lib64/libz.so
06-17 08:16:58.756 28908 28908 I libmodloader: Protecting memory: 0x7d5b4ce000 - 0x7d5b4dd000 with perms: --xp to: +rx
06-17 08:16:58.756 28908 28908 D libmodloader: Line: 7d5b503000-7d5b505000 --xp 00002000 fd:04 2878                           /system/lib64/libhidlmemory.so
06-17 08:16:58.756 28908 28908 I libmodloader: Protecting memory: 0x7d5b503000 - 0x7d5b505000 with perms: --xp to: +rx
06-17 08:16:58.756 28908 28908 D libmodloader: Line: 7d5b54d000-7d5b555000 --xp 0000a000 fd:04 3005                           /system/lib64/libsensor.so
06-17 08:16:58.756 28908 28908 I libmodloader: Protecting memory: 0x7d5b54d000 - 0x7d5b555000 with perms: --xp to: +rx
06-17 08:16:58.756 28908 28908 D libmodloader: Line: 7d5b589000-7d5b58a000 --xp 00000000 fd:04 2879                           /system/lib64/libhidltransport.so
06-17 08:16:58.756 28908 28908 I libmodloader: Protecting memory: 0x7d5b589000 - 0x7d5b58a000 with perms: --xp to: +rx
06-17 08:16:58.756 28908 28908 D libmodloader: Line: 7d5b5fa000-7d5b62b000 --xp 00039000 fd:04 2923                           /system/lib64/libmedia.so
06-17 08:16:58.756 28908 28908 I libmodloader: Protecting memory: 0x7d5b5fa000 - 0x7d5b62b000 with perms: --xp to: +rx
06-17 08:16:58.756 28908 28908 D libmodloader: Line: 7d5b649000-7d5b64a000 --xp 00000000 fd:04 2825                           /system/lib64/libdl_android.so
06-17 08:16:58.756 28908 28908 I libmodloader: Protecting memory: 0x7d5b649000 - 0x7d5b64a000 with perms: --xp to: +rx
06-17 08:16:58.756 28908 28908 D libmodloader: Line: 7d5b6b5000-7d5b6b6000 --xp 00000000 fd:04 3070                           /system/lib64/libvndksupport.so
06-17 08:16:58.756 28908 28908 I libmodloader: Protecting memory: 0x7d5b6b5000 - 0x7d5b6b6000 with perms: --xp to: +rx
06-17 08:16:58.756 28908 28908 D libmodloader: Line: 7d5b6e3000-7d5b6e9000 --xp 00006000 fd:04 2934                           /system/lib64/libmediametrics.so
06-17 08:16:58.756 28908 28908 I libmodloader: Protecting memory: 0x7d5b6e3000 - 0x7d5b6e9000 with perms: --xp to: +rx
06-17 08:16:58.756 28908 28908 D libmodloader: Line: 7d5b727000-7d5b729000 --xp 00002000 fd:04 3035                           /system/lib64/libstagefright_omx_utils.so
06-17 08:16:58.756 28908 28908 I libmodloader: Protecting memory: 0x7d5b727000 - 0x7d5b729000 with perms: --xp to: +rx
06-17 08:16:58.757 28908 28908 D libmodloader: Line: 7d5b777000-7d5b779000 --xp 00001000 fd:04 2986                           /system/lib64/libprocinfo.so
06-17 08:16:58.757 28908 28908 I libmodloader: Protecting memory: 0x7d5b777000 - 0x7d5b779000 with perms: --xp to: +rx
06-17 08:16:58.757 28908 28908 D libmodloader: Line: 7d5b7f2000-7d5b89a000 --xp 0003f000 fd:04 292                            /apex/com.android.runtime/lib64/bionic/libc.so
06-17 08:16:58.757 28908 28908 I libmodloader: Protecting memory: 0x7d5b7f2000 - 0x7d5b89a000 with perms: --xp to: +rx
06-17 08:16:58.757 28908 28908 D libmodloader: Line: 7d5bace000-7d5baea000 --xp 00007000 fd:04 2919                           /system/lib64/liblzma.so
06-17 08:16:58.757 28908 28908 I libmodloader: Protecting memory: 0x7d5bace000 - 0x7d5baea000 with perms: --xp to: +rx
06-17 08:16:58.757 28908 28908 D libmodloader: Line: 7d5bb7c000-7d5bc23000 --xp 00075000 fd:04 2811                           /system/lib64/libcrypto.so
06-17 08:16:58.757 28908 28908 I libmodloader: Protecting memory: 0x7d5bb7c000 - 0x7d5bc23000 with perms: --xp to: +rx
06-17 08:16:58.757 28908 28908 D libmodloader: Line: 7d5bc6b000-7d5bc6c000 --xp 00000000 fd:04 2876                           /system/lib64/libhidlallocatorutils.so
06-17 08:16:58.757 28908 28908 I libmodloader: Protecting memory: 0x7d5bc6b000 - 0x7d5bc6c000 with perms: --xp to: +rx
06-17 08:16:58.757 28908 28908 D libmodloader: Line: 7d5bceb000-7d5bd5c000 --xp 0004e000 fd:04 2785                           /system/lib64/libc++.so
06-17 08:16:58.757 28908 28908 I libmodloader: Protecting memory: 0x7d5bceb000 - 0x7d5bd5c000 with perms: --xp to: +rx
06-17 08:16:58.757 28908 28908 D libmodloader: Line: 7d5bd95000-7d5bd97000 --xp 00000000 fd:04 3042                           /system/lib64/libsync.so
06-17 08:16:58.757 28908 28908 I libmodloader: Protecting memory: 0x7d5bd95000 - 0x7d5bd97000 with perms: --xp to: +rx
06-17 08:16:58.757 28908 28908 D libmodloader: Line: 7d5bdda000-7d5bddb000 --xp 00001000 fd:04 2939                           /system/lib64/libmemtrack.so
06-17 08:16:58.757 28908 28908 I libmodloader: Protecting memory: 0x7d5bdda000 - 0x7d5bddb000 with perms: --xp to: +rx
06-17 08:16:58.757 28908 28908 D libmodloader: Line: 7d5be19000-7d5be22000 --xp 00006000 fd:04 2814                           /system/lib64/libcutils.so
06-17 08:16:58.757 28908 28908 I libmodloader: Protecting memory: 0x7d5be19000 - 0x7d5be22000 with perms: --xp to: +rx
06-17 08:16:58.757 28908 28908 D libmodloader: Line: 7d5bebf000-7d5bed5000 --xp 00075000 fd:04 3017                           /system/lib64/libsonivox.so
06-17 08:16:58.757 28908 28908 I libmodloader: Protecting memory: 0x7d5bebf000 - 0x7d5bed5000 with perms: --xp to: +rx
06-17 08:16:58.757 28908 28908 D libmodloader: Line: 7d5bf31000-7d5bf3b000 --xp 0000b000 fd:04 2614                           /system/lib64/android.hardware.configstore@1.1.so
06-17 08:16:58.757 28908 28908 I libmodloader: Protecting memory: 0x7d5bf31000 - 0x7d5bf3b000 with perms: --xp to: +rx
06-17 08:16:58.757 28908 28908 D libmodloader: Line: 7d5c1e9000-7d5c40b000 --xp 00282000 fd:04 2972                           /system/lib64/libpdfium.so
06-17 08:16:58.757 28908 28908 I libmodloader: Protecting memory: 0x7d5c1e9000 - 0x7d5c40b000 with perms: --xp to: +rx
06-17 08:16:58.757 28908 28908 D libmodloader: Line: 7d5c466000-7d5c46d000 --xp 00004000 fd:04 2738                           /system/lib64/libappfuse.so
06-17 08:16:58.757 28908 28908 I libmodloader: Protecting memory: 0x7d5c466000 - 0x7d5c46d000 with perms: --xp to: +rx
06-17 08:16:58.757 28908 28908 D libmodloader: Line: 7d5c4b3000-7d5c4b6000 --xp 00001000 fd:04 3063                           /system/lib64/libusbhost.so
06-17 08:16:58.757 28908 28908 I libmodloader: Protecting memory: 0x7d5c4b3000 - 0x7d5c4b6000 with perms: --xp to: +rx
06-17 08:16:58.757 28908 28908 D libmodloader: Line: 7d5c4dd000-7d5c4e4000 --xp 00008000 fd:04 2653                           /system/lib64/android.hardware.memtrack@1.0.so
06-17 08:16:58.757 28908 28908 I libmodloader: Protecting memory: 0x7d5c4dd000 - 0x7d5c4e4000 with perms: --xp to: +rx
06-17 08:16:58.758 28908 28908 D libmodloader: Line: 7d5c51c000-7d5c530000 --xp 00010000 fd:04 2973                           /system/lib64/libpdx_default_transport.so
06-17 08:16:58.758 28908 28908 I libmodloader: Protecting memory: 0x7d5c51c000 - 0x7d5c530000 with perms: --xp to: +rx
06-17 08:16:58.758 28908 28908 D libmodloader: Line: 7d5c574000-7d5c57c000 --xp 00009000 fd:04 2937                           /system/lib64/libmediautils.so
06-17 08:16:58.758 28908 28908 I libmodloader: Protecting memory: 0x7d5c574000 - 0x7d5c57c000 with perms: --xp to: +rx
06-17 08:16:58.758 28908 28908 D libmodloader: Line: 7d5c5bf000-7d5c636000 --xp 00024000 fd:04 2870                           /system/lib64/libharfbuzz_ng.so
06-17 08:16:58.758 28908 28908 I libmodloader: Protecting memory: 0x7d5c5bf000 - 0x7d5c636000 with perms: --xp to: +rx
06-17 08:16:58.758 28908 28908 D libmodloader: Line: 7d5c6e9000-7d5c7dc000 --xp 000a5000 fd:04 318                            /apex/com.android.runtime/lib64/libicuuc.so
06-17 08:16:58.758 28908 28908 I libmodloader: Protecting memory: 0x7d5c6e9000 - 0x7d5c7dc000 with perms: --xp to: +rx
06-17 08:16:58.758 28908 28908 D libmodloader: Line: 7d5c816000-7d5c822000 --xp 0000b000 fd:04 2688                           /system/lib64/android.system.suspend@1.0.so
06-17 08:16:58.758 28908 28908 I libmodloader: Protecting memory: 0x7d5c816000 - 0x7d5c822000 with perms: --xp to: +rx
06-17 08:16:58.758 28908 28908 D libmodloader: Line: 7d5c856000-7d5c86a000 --xp 00013000 fd:04 3032                           /system/lib64/libstagefright_foundation.so
06-17 08:16:58.758 28908 28908 I libmodloader: Protecting memory: 0x7d5c856000 - 0x7d5c86a000 with perms: --xp to: +rx
06-17 08:16:58.758 28908 28908 D libmodloader: Line: 7d5c8db000-7d5c92f000 --xp 00040000 fd:04 2877                           /system/lib64/libhidlbase.so
06-17 08:16:58.758 28908 28908 I libmodloader: Protecting memory: 0x7d5c8db000 - 0x7d5c92f000 with perms: --xp to: +rx
06-17 08:16:58.758 28908 28908 D libmodloader: Line: 7d5c95c000-7d5c95d000 --xp 00000000 fd:04 293                            /apex/com.android.runtime/lib64/bionic/libdl.so
06-17 08:16:58.758 28908 28908 I libmodloader: Protecting memory: 0x7d5c95c000 - 0x7d5c95d000 with perms: --xp to: +rx
06-17 08:16:58.758 28908 28908 D libmodloader: Line: 7d5c9a1000-7d5c9aa000 --xp 00008000 fd:04 2764                           /system/lib64/libbase.so
06-17 08:16:58.758 28908 28908 I libmodloader: Protecting memory: 0x7d5c9a1000 - 0x7d5c9aa000 with perms: --xp to: +rx
06-17 08:16:58.758 28908 28908 D libmodloader: Line: 7d5c9d0000-7d5c9d9000 --xp 00004000 fd:04 2777                           /system/lib64/libbpf_android.so
06-17 08:16:58.758 28908 28908 I libmodloader: Protecting memory: 0x7d5c9d0000 - 0x7d5c9d9000 with perms: --xp to: +rx
06-17 08:16:58.758 28908 28908 D libmodloader: Line: 7d5ca2c000-7d5ca34000 --xp 00008000 fd:04 2628                           /system/lib64/android.hardware.graphics.allocator@3.0.so
06-17 08:16:58.758 28908 28908 I libmodloader: Protecting memory: 0x7d5ca2c000 - 0x7d5ca34000 with perms: --xp to: +rx
06-17 08:16:58.758 28908 28908 D libmodloader: Line: 7d5ca7c000-7d5ca7f000 --xp 00001000 fd:04 3022                           /system/lib64/libspeexresampler.so
06-17 08:16:58.758 28908 28908 I libmodloader: Protecting memory: 0x7d5ca7c000 - 0x7d5ca7f000 with perms: --xp to: +rx
06-17 08:16:58.758 28908 28908 D libmodloader: Line: 7d5cab8000-7d5cabb000 --xp 00003000 fd:04 2871                           /system/lib64/libheif.so
06-17 08:16:58.758 28908 28908 I libmodloader: Protecting memory: 0x7d5cab8000 - 0x7d5cabb000 with perms: --xp to: +rx
06-17 08:16:58.758 28908 28908 D libmodloader: Line: 7d5cb03000-7d5cb7a000 --xp 00042000 fd:04 2826                           /system/lib64/libdng_sdk.so
06-17 08:16:58.758 28908 28908 I libmodloader: Protecting memory: 0x7d5cb03000 - 0x7d5cb7a000 with perms: --xp to: +rx
06-17 08:16:58.758 28908 28908 D libmodloader: Line: 7d5cbd5000-7d5cbde000 --xp 00009000 fd:04 2610                           /system/lib64/android.hardware.cas.native@1.0.so
06-17 08:16:58.758 28908 28908 I libmodloader: Protecting memory: 0x7d5cbd5000 - 0x7d5cbde000 with perms: --xp to: +rx
06-17 08:16:58.759 28908 28908 D libmodloader: Line: 7d5cc0d000-7d5cc15000 --xp 00008000 fd:04 2627                           /system/lib64/android.hardware.graphics.allocator@2.0.so
06-17 08:16:58.759 28908 28908 I libmodloader: Protecting memory: 0x7d5cc0d000 - 0x7d5cc15000 with perms: --xp to: +rx
06-17 08:16:58.759 28908 28908 D libmodloader: Line: 7d5cc6f000-7d5cc78000 --xp 00005000 fd:04 2782                           /system/lib64/libbufferhub.so
06-17 08:16:58.759 28908 28908 I libmodloader: Protecting memory: 0x7d5cc6f000 - 0x7d5cc78000 with perms: --xp to: +rx
06-17 08:16:58.759 28908 28908 D libmodloader: Line: 7d5cca5000-7d5cca7000 --xp 00001000 fd:04 3033                           /system/lib64/libstagefright_http_support.so
06-17 08:16:58.759 28908 28908 I libmodloader: Protecting memory: 0x7d5cca5000 - 0x7d5cca7000 with perms: --xp to: +rx
06-17 08:16:58.759 28908 28908 D libmodloader: Line: 7d5ccf9000-7d5ccfa000 --xp 00001000 fd:04 2684                           /system/lib64/android.hidl.token@1.0-utils.so
06-17 08:16:58.759 28908 28908 I libmodloader: Protecting memory: 0x7d5ccf9000 - 0x7d5ccfa000 with perms: --xp to: +rx
06-17 08:16:58.759 28908 28908 D libmodloader: Line: 7d5cd27000-7d5cd2d000 --xp 00002000 fd:04 2954                           /system/lib64/libnetdbpf.so
06-17 08:16:58.759 28908 28908 I libmodloader: Protecting memory: 0x7d5cd27000 - 0x7d5cd2d000 with perms: --xp to: +rx
06-17 08:16:58.759 28908 28908 D libmodloader: Line: 7d5cd67000-7d5cd69000 --xp 00000000 fd:04 2868                           /system/lib64/libhardware.so
06-17 08:16:58.759 28908 28908 I libmodloader: Protecting memory: 0x7d5cd67000 - 0x7d5cd69000 with perms: --xp to: +rx
06-17 08:16:58.759 28908 28908 D libmodloader: Line: 7d5cd98000-7d5cdb4000 --xp 00015000 fd:04 2611                           /system/lib64/android.hardware.cas@1.0.so
06-17 08:16:58.759 28908 28908 I libmodloader: Protecting memory: 0x7d5cd98000 - 0x7d5cdb4000 with perms: --xp to: +rx
06-17 08:16:58.759 28908 28908 D libmodloader: Line: 7d5cdd8000-7d5cde7000 --xp 00008000 fd:04 2763                           /system/lib64/libbacktrace.so
06-17 08:16:58.759 28908 28908 I libmodloader: Protecting memory: 0x7d5cdd8000 - 0x7d5cde7000 with perms: --xp to: +rx
06-17 08:16:58.759 28908 28908 D libmodloader: Line: 7d5ce1f000-7d5ce36000 --xp 00014000 fd:04 2629                           /system/lib64/android.hardware.graphics.bufferqueue@1.0.so
06-17 08:16:58.759 28908 28908 I libmodloader: Protecting memory: 0x7d5ce1f000 - 0x7d5ce36000 with perms: --xp to: +rx
06-17 08:16:58.759 28908 28908 D libmodloader: Line: 7d5ce62000-7d5ce6f000 --xp 0000c000 fd:04 2613                           /system/lib64/android.hardware.configstore@1.0.so
06-17 08:16:58.759 28908 28908 I libmodloader: Protecting memory: 0x7d5ce62000 - 0x7d5ce6f000 with perms: --xp to: +rx
06-17 08:16:58.759 28908 28908 D libmodloader: Line: 7d5ce97000-7d5ceb8000 --xp 00016000 fd:04 3091                           /system/lib64/libwilhelm.so
06-17 08:16:58.759 28908 28908 I libmodloader: Protecting memory: 0x7d5ce97000 - 0x7d5ceb8000 with perms: --xp to: +rx
06-17 08:16:58.759 28908 28908 D libmodloader: Line: 7d5cecc000-7d5cecf000 --xp 00000000 fd:04 3039                           /system/lib64/libstdc++.so
06-17 08:16:58.759 28908 28908 I libmodloader: Protecting memory: 0x7d5cecc000 - 0x7d5cecf000 with perms: --xp to: +rx
06-17 08:16:58.759 28908 28908 D libmodloader: Line: 7d5cf2f000-7d5cf3d000 --xp 00005000 fd:04 324                            /apex/com.android.runtime/lib64/libnativeloader.so
06-17 08:16:58.759 28908 28908 I libmodloader: Protecting memory: 0x7d5cf2f000 - 0x7d5cf3d000 with perms: --xp to: +rx
06-17 08:16:58.759 28908 28908 D libmodloader: Line: 7d5cf74000-7d5cf75000 --xp 00000000 fd:04 2880                           /system/lib64/libhwbinder.so
06-17 08:16:58.759 28908 28908 I libmodloader: Protecting memory: 0x7d5cf74000 - 0x7d5cf75000 with perms: --xp to: +rx
06-17 08:16:58.759 28908 28908 D libmodloader: Line: 7d5cfb4000-7d5cfbb000 --xp 00004000 fd:04 2938                           /system/lib64/libmeminfo.so
06-17 08:16:58.759 28908 28908 I libmodloader: Protecting memory: 0x7d5cfb4000 - 0x7d5cfbb000 with perms: --xp to: +rx
06-17 08:16:58.759 28908 28908 D libmodloader: Line: 7d5cff4000-7d5d029000 --xp 00023000 fd:04 3062                           /system/lib64/libunwindstack.so
06-17 08:16:58.759 28908 28908 I libmodloader: Protecting memory: 0x7d5cff4000 - 0x7d5d029000 with perms: --xp to: +rx
06-17 08:16:58.759 28908 28908 D libmodloader: Line: 7d5d067000-7d5d078000 --xp 0000a000 fd:04 2783                           /system/lib64/libbufferhubqueue.so
06-17 08:16:58.759 28908 28908 I libmodloader: Protecting memory: 0x7d5d067000 - 0x7d5d078000 with perms: --xp to: +rx
06-17 08:16:58.759 28908 28908 D libmodloader: Line: 7d5d0a0000-7d5d0b5000 --xp 0000a000 fd:04 2875                           /system/lib64/libhidl-gen-utils.so
06-17 08:16:58.759 28908 28908 I libmodloader: Protecting memory: 0x7d5d0a0000 - 0x7d5d0b5000 with perms: --xp to: +rx
06-17 08:16:58.759 28908 28908 D libmodloader: Line: 7d5d0e3000-7d5d0e5000 --xp 00000000 fd:04 2612                           /system/lib64/android.hardware.configstore-utils.so
06-17 08:16:58.759 28908 28908 I libmodloader: Protecting memory: 0x7d5d0e3000 - 0x7d5d0e5000 with perms: --xp to: +rx
06-17 08:16:58.760 28908 28908 D libmodloader: Line: 7d5d11b000-7d5d135000 --xp 00008000 fd:04 2838                           /system/lib64/libexpat.so
06-17 08:16:58.760 28908 28908 I libmodloader: Protecting memory: 0x7d5d11b000 - 0x7d5d135000 with perms: --xp to: +rx
06-17 08:16:58.760 28908 28908 D libmodloader: Line: 7d5d159000-7d5d174000 --xp 0000d000 fd:04 2943                           /system/lib64/libminikin.so
06-17 08:16:58.760 28908 28908 I libmodloader: Protecting memory: 0x7d5d159000 - 0x7d5d174000 with perms: --xp to: +rx
06-17 08:16:58.760 28908 28908 D libmodloader: Line: 7d5d199000-7d5d1a4000 --xp 0000a000 fd:04 2639                           /system/lib64/android.hardware.graphics.mapper@3.0.so
06-17 08:16:58.760 28908 28908 I libmodloader: Protecting memory: 0x7d5d199000 - 0x7d5d1a4000 with perms: --xp to: +rx
06-17 08:16:58.760 28908 28908 D libmodloader: Line: 7d5d339000-7d5d771000 --xp 00162000 fd:04 2881                           /system/lib64/libhwui.so
06-17 08:16:58.760 28908 28908 I libmodloader: Protecting memory: 0x7d5d339000 - 0x7d5d771000 with perms: --xp to: +rx
06-17 08:16:58.760 28908 28908 D libmodloader: Line: 7d5d7ea000-7d5d7f3000 --xp 0000a000 fd:04 2638                           /system/lib64/android.hardware.graphics.mapper@2.1.so
06-17 08:16:58.760 28908 28908 I libmodloader: Protecting memory: 0x7d5d7ea000 - 0x7d5d7f3000 with perms: --xp to: +rx
06-17 08:16:58.760 28908 28908 D libmodloader: Line: 7d5d818000-7d5d83d000 --xp 00015000 fd:04 2984                           /system/lib64/libprocessgroup.so
06-17 08:16:58.760 28908 28908 I libmodloader: Protecting memory: 0x7d5d818000 - 0x7d5d83d000 with perms: --xp to: +rx
06-17 08:16:58.760 28908 28908 D libmodloader: Line: 7d5d844000-7d5d847000 --xp 00000000 fd:04 2947                           /system/lib64/libnativebridge_lazy.so
06-17 08:16:58.760 28908 28908 I libmodloader: Protecting memory: 0x7d5d844000 - 0x7d5d847000 with perms: --xp to: +rx
06-17 08:16:58.760 28908 28908 D libmodloader: Line: 7d5d8ca000-7d5d90a000 --xp 00045000 fd:04 2767                           /system/lib64/libbinder.so
06-17 08:16:58.760 28908 28908 I libmodloader: Protecting memory: 0x7d5d8ca000 - 0x7d5d90a000 with perms: --xp to: +rx
06-17 08:16:58.760 28908 28908 D libmodloader: Line: 7d5d9a1000-7d5da0a000 --xp 0005e000 fd:04 2867                           /system/lib64/libgui.so
06-17 08:16:58.760 28908 28908 I libmodloader: Protecting memory: 0x7d5d9a1000 - 0x7d5da0a000 with perms: --xp to: +rx
06-17 08:16:58.760 28908 28908 D libmodloader: Line: 7d5da73000-7d5da74000 --xp 00000000 fd:04 2632                           /system/lib64/android.hardware.graphics.common@1.1.so
06-17 08:16:58.760 28908 28908 I libmodloader: Protecting memory: 0x7d5da73000 - 0x7d5da74000 with perms: --xp to: +rx
06-17 08:16:58.760 28908 28908 D libmodloader: Line: 7d5dab0000-7d5dabc000 --xp 00007000 fd:04 2760                           /system/lib64/libaudioutils.so
06-17 08:16:58.760 28908 28908 I libmodloader: Protecting memory: 0x7d5dab0000 - 0x7d5dabc000 with perms: --xp to: +rx
06-17 08:16:58.760 28908 28908 D libmodloader: Line: 7d5dad5000-7d5daee000 --xp 00014000 fd:04 2707                           /system/lib64/libEGL.so
06-17 08:16:58.760 28908 28908 I libmodloader: Protecting memory: 0x7d5dad5000 - 0x7d5daee000 with perms: --xp to: +rx
06-17 08:16:58.760 28908 28908 D libmodloader: Line: 7d5db21000-7d5db2a000 --xp 00007000 fd:04 3050                           /system/lib64/libtinyxml2.so
06-17 08:16:58.760 28908 28908 I libmodloader: Protecting memory: 0x7d5db21000 - 0x7d5db2a000 with perms: --xp to: +rx
06-17 08:16:58.760 28908 28908 D libmodloader: Line: 7d5db5c000-7d5db66000 --xp 00007000 fd:04 2955                           /system/lib64/libnetdutils.so
06-17 08:16:58.760 28908 28908 I libmodloader: Protecting memory: 0x7d5db5c000 - 0x7d5db66000 with perms: --xp to: +rx
06-17 08:16:58.760 28908 28908 D libmodloader: Line: 7d5db91000-7d5dbd3000 --xp 0000a000 fd:04 2898                           /system/lib64/libjpeg.so
06-17 08:16:58.760 28908 28908 I libmodloader: Protecting memory: 0x7d5db91000 - 0x7d5dbd3000 with perms: --xp to: +rx
06-17 08:16:58.760 28908 28908 D libmodloader: Line: 7d5dc20000-7d5dc2d000 --xp 0000d000 fd:04 2584                           /system/lib64/android.frameworks.bufferhub@1.0.so
06-17 08:16:58.760 28908 28908 I libmodloader: Protecting memory: 0x7d5dc20000 - 0x7d5dc2d000 with perms: --xp to: +rx
06-17 08:16:58.760 28908 28908 D libmodloader: Line: 7d5dc56000-7d5dc6b000 --xp 00010000 fd:04 3080                           /system/lib64/libvulkan.so
06-17 08:16:58.760 28908 28908 I libmodloader: Protecting memory: 0x7d5dc56000 - 0x7d5dc6b000 with perms: --xp to: +rx
06-17 08:16:58.761 28908 28908 D libmodloader: Line: 7d5dca7000-7d5dcbd000 --xp 00014000 fd:04 3061                           /system/lib64/libui.so
06-17 08:16:58.761 28908 28908 I libmodloader: Protecting memory: 0x7d5dca7000 - 0x7d5dcbd000 with perms: --xp to: +rx
06-17 08:16:58.761 28908 28908 D libmodloader: Line: 7d5dccf000-7d5dcde000 --xp 00005000 fd:04 2913                           /system/lib64/liblog.so
06-17 08:16:58.761 28908 28908 I libmodloader: Protecting memory: 0x7d5dccf000 - 0x7d5dcde000 with perms: --xp to: +rx
06-17 08:16:58.761 28908 28908 D libmodloader: Line: 7d5dd3b000-7d5dd3e000 --xp 00001000 fd:04 2752                           /system/lib64/libaudiopolicy.so
06-17 08:16:58.761 28908 28908 I libmodloader: Protecting memory: 0x7d5dd3b000 - 0x7d5dd3e000 with perms: --xp to: +rx
06-17 08:16:58.761 28908 28908 D libmodloader: Line: 7d5dd46000-7d5dd47000 --xp 00000000 fd:04 2652                           /system/lib64/android.hardware.media@1.0.so
06-17 08:16:58.761 28908 28908 I libmodloader: Protecting memory: 0x7d5dd46000 - 0x7d5dd47000 with perms: --xp to: +rx
06-17 08:16:58.761 28908 28908 D libmodloader: Line: 7d5de58000-7d5dfd1000 --xp 000d6000 fd:04 317                            /apex/com.android.runtime/lib64/libicui18n.so
06-17 08:16:58.761 28908 28908 I libmodloader: Protecting memory: 0x7d5de58000 - 0x7d5dfd1000 with perms: --xp to: +rx
06-17 08:16:58.761 28908 28908 D libmodloader: Line: 7d5e030000-7d5e033000 --xp 00005000 fd:04 3068                           /system/lib64/libvibrator.so
06-17 08:16:58.761 28908 28908 I libmodloader: Protecting memory: 0x7d5e030000 - 0x7d5e033000 with perms: --xp to: +rx
06-17 08:16:58.761 28908 28908 D libmodloader: Line: 7d5e056000-7d5e067000 --xp 00005000 fd:04 2976                           /system/lib64/libpiex.so
06-17 08:16:58.761 28908 28908 I libmodloader: Protecting memory: 0x7d5e056000 - 0x7d5e067000 with perms: --xp to: +rx
06-17 08:16:58.761 28908 28908 D libmodloader: Line: 7d5e092000-7d5e0a2000 --xp 00006000 fd:04 3004                           /system/lib64/libselinux.so
06-17 08:16:58.761 28908 28908 I libmodloader: Protecting memory: 0x7d5e092000 - 0x7d5e0a2000 with perms: --xp to: +rx
06-17 08:16:58.761 28908 28908 D libmodloader: Line: 7d5e0ed000-7d5e0f0000 --xp 00005000 fd:04 2710                           /system/lib64/libGLESv1_CM.so
06-17 08:16:58.761 28908 28908 I libmodloader: Protecting memory: 0x7d5e0ed000 - 0x7d5e0f0000 with perms: --xp to: +rx
06-17 08:16:58.761 28908 28908 D libmodloader: Line: 7d5e123000-7d5e126000 --xp 00002000 fd:04 3030                           /system/lib64/libstagefright_codecbase.so
06-17 08:16:58.761 28908 28908 I libmodloader: Protecting memory: 0x7d5e123000 - 0x7d5e126000 with perms: --xp to: +rx
06-17 08:16:58.761 28908 28908 D libmodloader: Line: 7d5e16b000-7d5e190000 --xp 0002a000 fd:04 2792                           /system/lib64/libcamera_client.so
06-17 08:16:58.761 28908 28908 I libmodloader: Protecting memory: 0x7d5e16b000 - 0x7d5e190000 with perms: --xp to: +rx
06-17 08:16:58.761 28908 28908 D libmodloader: Line: 7d5e1d3000-7d5e1f7000 --xp 0000e000 fd:04 2978                           /system/lib64/libpng.so
06-17 08:16:58.761 28908 28908 I libmodloader: Protecting memory: 0x7d5e1d3000 - 0x7d5e1f7000 with perms: --xp to: +rx
06-17 08:16:58.761 28908 28908 D libmodloader: Line: 7d5e218000-7d5e21a000 --xp 00000000 fd:04 2949                           /system/lib64/libnativeloader_lazy.so
06-17 08:16:58.762 28908 28908 I libmodloader: Protecting memory: 0x7d5e218000 - 0x7d5e21a000 with perms: --xp to: +rx
06-17 08:16:58.762 28908 28908 D libmodloader: Line: 7d5e25a000-7d5e25e000 --xp 00003000 fd:04 2793                           /system/lib64/libcamera_metadata.so
06-17 08:16:58.762 28908 28908 I libmodloader: Protecting memory: 0x7d5e25a000 - 0x7d5e25e000 with perms: --xp to: +rx
06-17 08:16:58.762 28908 28908 D libmodloader: Line: 7d5e29c000-7d5e2b6000 --xp 00013000 fd:04 2952                           /system/lib64/libnblog.so
06-17 08:16:58.762 28908 28908 I libmodloader: Protecting memory: 0x7d5e29c000 - 0x7d5e2b6000 with perms: --xp to: +rx
06-17 08:16:58.762 28908 28908 D libmodloader: Line: 7d5e2de000-7d5e2f1000 --xp 00018000 fd:04 2928                           /system/lib64/libmedia_omx.so
06-17 08:16:58.762 28908 28908 I libmodloader: Protecting memory: 0x7d5e2de000 - 0x7d5e2f1000 with perms: --xp to: +rx
06-17 08:16:58.762 28908 28908 D libmodloader: Line: 7d5e33c000-7d5e33d000 --xp 00001000 fd:04 2820                           /system/lib64/libdexfile_support.so
06-17 08:16:58.762 28908 28908 I libmodloader: Protecting memory: 0x7d5e33c000 - 0x7d5e33d000 with perms: --xp to: +rx
06-17 08:16:58.762 28908 28908 D libmodloader: Line: 7d5e35e000-7d5e373000 --xp 00016000 fd:04 2886                           /system/lib64/libinput.so
06-17 08:16:58.762 28908 28908 I libmodloader: Protecting memory: 0x7d5e35e000 - 0x7d5e373000 with perms: --xp to: +rx
06-17 08:16:58.762 28908 28908 D libmodloader: Line: 7d5e391000-7d5e39f000 --xp 0000c000 fd:04 2682                           /system/lib64/android.hidl.memory@1.0.so
06-17 08:16:58.762 28908 28908 I libmodloader: Protecting memory: 0x7d5e391000 - 0x7d5e39f000 with perms: --xp to: +rx
06-17 08:16:58.762 28908 28908 D libmodloader: Line: 7d5e3e2000-7d5e3eb000 --xp 00008000 fd:04 2685                           /system/lib64/android.hidl.token@1.0.so
06-17 08:16:58.762 28908 28908 I libmodloader: Protecting memory: 0x7d5e3e2000 - 0x7d5e3eb000 with perms: --xp to: +rx
06-17 08:16:58.762 28908 28908 D libmodloader: Line: 7d5e423000-7d5e426000 --xp 00002000 fd:04 2929                           /system/lib64/libmedia_omx_client.so
06-17 08:16:58.762 28908 28908 I libmodloader: Protecting memory: 0x7d5e423000 - 0x7d5e426000 with perms: --xp to: +rx
06-17 08:16:58.762 28908 28908 D libmodloader: Line: 7d5e467000-7d5e492000 --xp 0001f000 fd:04 2970                           /system/lib64/libpcre2.so
06-17 08:16:58.762 28908 28908 I libmodloader: Protecting memory: 0x7d5e467000 - 0x7d5e492000 with perms: --xp to: +rx
06-17 08:16:58.762 28908 28908 D libmodloader: Line: 7d5e4d8000-7d5e509000 --xp 00013000 fd:04 2724                           /system/lib64/libRScpp.so
06-17 08:16:58.762 28908 28908 I libmodloader: Protecting memory: 0x7d5e4d8000 - 0x7d5e509000 with perms: --xp to: +rx
06-17 08:16:58.762 28908 28908 D libmodloader: Line: 7d5e582000-7d5e5b8000 --xp 0002b000 fd:04 2737                           /system/lib64/libandroidfw.so
06-17 08:16:58.762 28908 28908 I libmodloader: Protecting memory: 0x7d5e582000 - 0x7d5e5b8000 with perms: --xp to: +rx
06-17 08:16:58.762 28908 28908 D libmodloader: Line: 7d5e5d4000-7d5e5f8000 --xp 0000b000 fd:04 3037                           /system/lib64/libstatslog.so
06-17 08:16:58.762 28908 28908 I libmodloader: Protecting memory: 0x7d5e5d4000 - 0x7d5e5f8000 with perms: --xp to: +rx
06-17 08:16:58.762 28908 28908 D libmodloader: Line: 7d5e620000-7d5e716000 --xp 0001b000 fd:04 3023                           /system/lib64/libsqlite.so
06-17 08:16:58.762 28908 28908 I libmodloader: Protecting memory: 0x7d5e620000 - 0x7d5e716000 with perms: --xp to: +rx
06-17 08:16:58.762 28908 28908 D libmodloader: Line: 7d5e753000-7d5e755000 --xp 00002000 fd:04 2818                           /system/lib64/libdebuggerd_client.so
06-17 08:16:58.762 28908 28908 I libmodloader: Protecting memory: 0x7d5e753000 - 0x7d5e755000 with perms: --xp to: +rx
06-17 08:16:58.762 28908 28908 D libmodloader: Line: 7d5e793000-7d5e79f000 --xp 00010000 fd:04 2828                           /system/lib64/libdrmframework.so
06-17 08:16:58.762 28908 28908 I libmodloader: Protecting memory: 0x7d5e793000 - 0x7d5e79f000 with perms: --xp to: +rx
06-17 08:16:58.763 28908 28908 D libmodloader: Line: 7d5e7e2000-7d5e7e5000 --xp 00002000 fd:04 2950                           /system/lib64/libnativewindow.so
06-17 08:16:58.763 28908 28908 I libmodloader: Protecting memory: 0x7d5e7e2000 - 0x7d5e7e5000 with perms: --xp to: +rx
06-17 08:16:58.763 28908 28908 D libmodloader: Line: 7d5e827000-7d5e83b000 --xp 00012000 fd:04 2630                           /system/lib64/android.hardware.graphics.bufferqueue@2.0.so
06-17 08:16:58.763 28908 28908 I libmodloader: Protecting memory: 0x7d5e827000 - 0x7d5e83b000 with perms: --xp to: +rx
06-17 08:16:58.763 28908 28908 D libmodloader: Line: 7d5e854000-7d5e861000 --xp 0000e000 fd:04 3065                           /system/lib64/libutils.so
06-17 08:16:58.763 28908 28908 I libmodloader: Protecting memory: 0x7d5e854000 - 0x7d5e861000 with perms: --xp to: +rx
06-17 08:16:58.763 28908 28908 D libmodloader: Line: 7d5e896000-7d5e89f000 --xp 00007000 fd:04 2884                           /system/lib64/libimg_utils.so
06-17 08:16:58.763 28908 28908 I libmodloader: Protecting memory: 0x7d5e896000 - 0x7d5e89f000 with perms: --xp to: +rx
06-17 08:16:58.763 28908 28908 D libmodloader: Line: 7d5e8e0000-7d5e8e3000 --xp 00001000 fd:04 2953                           /system/lib64/libnetd_client.so
06-17 08:16:58.763 28908 28908 I libmodloader: Protecting memory: 0x7d5e8e0000 - 0x7d5e8e3000 with perms: --xp to: +rx
06-17 08:16:58.763 28908 28908 D libmodloader: Line: 7d5e927000-7d5e92d000 --xp 00012000 fd:04 2712                           /system/lib64/libGLESv3.so
06-17 08:16:58.763 28908 28908 I libmodloader: Protecting memory: 0x7d5e927000 - 0x7d5e92d000 with perms: --xp to: +rx
06-17 08:16:58.763 28908 28908 D libmodloader: Line: 7d5e949000-7d5e94e000 --xp 00006000 fd:04 2864                           /system/lib64/libgraphicsenv.so
06-17 08:16:58.763 28908 28908 I libmodloader: Protecting memory: 0x7d5e949000 - 0x7d5e94e000 with perms: --xp to: +rx
06-17 08:16:58.763 28908 28908 D libmodloader: Line: 7d5e9ac000-7d5e9ae000 --xp 00001000 fd:04 2751                           /system/lib64/libaudiomanager.so
06-17 08:16:58.763 28908 28908 I libmodloader: Protecting memory: 0x7d5e9ac000 - 0x7d5e9ae000 with perms: --xp to: +rx
06-17 08:16:58.763 28908 28908 D libmodloader: Line: 7d5ea4e000-7d5eb6b000 --xp 0007c000 fd:04 3026                           /system/lib64/libstagefright.so
06-17 08:16:58.763 28908 28908 I libmodloader: Protecting memory: 0x7d5ea4e000 - 0x7d5eb6b000 with perms: --xp to: +rx
06-17 08:16:58.763 28908 28908 D libmodloader: Line: 7d5eb9a000-7d5ebaa000 --xp 0000a000 fd:04 2860                           /system/lib64/libgatekeeperclient.so
06-17 08:16:58.763 28908 28908 I libmodloader: Protecting memory: 0x7d5eb9a000 - 0x7d5ebaa000 with perms: --xp to: +rx
06-17 08:16:58.763 28908 28908 D libmodloader: Line: 7d5ebe8000-7d5ebef000 --xp 00026000 fd:04 296                            /apex/com.android.runtime/lib64/libandroidicu.so
06-17 08:16:58.763 28908 28908 I libmodloader: Protecting memory: 0x7d5ebe8000 - 0x7d5ebef000 with perms: --xp to: +rx
06-17 08:16:58.763 28908 28908 D libmodloader: Line: 7d5ec2b000-7d5ec33000 --xp 00008000 fd:04 2680                           /system/lib64/android.hidl.allocator@1.0.so
06-17 08:16:58.763 28908 28908 I libmodloader: Protecting memory: 0x7d5ec2b000 - 0x7d5ec33000 with perms: --xp to: +rx
06-17 08:16:58.763 28908 28908 D libmodloader: Line: 7d5ec4e000-7d5ec53000 --xp 00006000 fd:04 3019                           /system/lib64/libsoundtrigger.so
06-17 08:16:58.763 28908 28908 I libmodloader: Protecting memory: 0x7d5ec4e000 - 0x7d5ec53000 with perms: --xp to: +rx
06-17 08:16:58.763 28908 28908 D libmodloader: Line: 7d5ec8c000-7d5ec95000 --xp 0000b000 fd:04 2925                           /system/lib64/libmedia_helper.so
06-17 08:16:58.763 28908 28908 I libmodloader: Protecting memory: 0x7d5ec8c000 - 0x7d5ec95000 with perms: --xp to: +rx
06-17 08:16:58.763 28908 28908 D libmodloader: Line: 7d5ed15000-7d5ed52000 --xp 00037000 fd:04 2743                           /system/lib64/libaudioclient.so
06-17 08:16:58.763 28908 28908 I libmodloader: Protecting memory: 0x7d5ed15000 - 0x7d5ed52000 with perms: --xp to: +rx
06-17 08:16:58.763 28908 28908 D libmodloader: Line: 7d5ed8b000-7d5ed8c000 --xp 00000000 fd:04 2633                           /system/lib64/android.hardware.graphics.common@1.2.so
06-17 08:16:58.763 28908 28908 I libmodloader: Protecting memory: 0x7d5ed8b000 - 0x7d5ed8c000 with perms: --xp to: +rx
06-17 08:16:58.763 28908 28908 D libmodloader: Line: 7d5edd8000-7d5eddc000 --xp 00003000 fd:04 2776                           /system/lib64/libbpf.so
06-17 08:16:58.763 28908 28908 I libmodloader: Protecting memory: 0x7d5edd8000 - 0x7d5eddc000 with perms: --xp to: +rx
06-17 08:16:58.763 28908 28908 D libmodloader: Line: 7d5ee35000-7d5ee38000 --xp 00000000 fd:04 2708                           /system/lib64/libETC1.so
06-17 08:16:58.763 28908 28908 I libmodloader: Protecting memory: 0x7d5ee35000 - 0x7d5ee38000 with perms: --xp to: +rx
06-17 08:16:58.763 28908 28908 D libmodloader: Line: 7d5ee6d000-7d5eed3000 --xp 00029000 fd:04 2857                           /system/lib64/libft2.so
06-17 08:16:58.763 28908 28908 I libmodloader: Protecting memory: 0x7d5ee6d000 - 0x7d5eed3000 with perms: --xp to: +rx
06-17 08:16:58.763 28908 28908 D libmodloader: Line: 7d5ef2a000-7d5ef78000 --xp 00029000 fd:04 3069                           /system/lib64/libvintf.so
06-17 08:16:58.763 28908 28908 I libmodloader: Protecting memory: 0x7d5ef2a000 - 0x7d5ef78000 with perms: --xp to: +rx
06-17 08:16:58.764 28908 28908 D libmodloader: Line: 7d5ef91000-7d5ef92000 --xp 00001000 fd:04 2799                           /system/lib64/libcgrouprc.so
06-17 08:16:58.764 28908 28908 I libmodloader: Protecting memory: 0x7d5ef91000 - 0x7d5ef92000 with perms: --xp to: +rx
06-17 08:16:58.764 28908 28908 D libmodloader: Line: 7d5eff7000-7d5f028000 --xp 00024000 fd:04 2651                           /system/lib64/android.hardware.media.omx@1.0.so
06-17 08:16:58.764 28908 28908 I libmodloader: Protecting memory: 0x7d5eff7000 - 0x7d5f028000 with perms: --xp to: +rx
06-17 08:16:58.764 28908 28908 D libmodloader: Line: 7d5f07b000-7d5f07d000 --xp 00001000 fd:04 322                            /apex/com.android.runtime/lib64/libnativebridge.so
06-17 08:16:58.764 28908 28908 I libmodloader: Protecting memory: 0x7d5f07b000 - 0x7d5f07d000 with perms: --xp to: +rx
06-17 08:16:58.764 28908 28908 D libmodloader: Line: 7d5f0ac000-7d5f0ce000 --xp 0001e000 fd:04 2988                           /system/lib64/libprotobuf-cpp-lite.so
06-17 08:16:58.764 28908 28908 I libmodloader: Protecting memory: 0x7d5f0ac000 - 0x7d5f0ce000 with perms: --xp to: +rx
06-17 08:16:58.764 28908 28908 D libmodloader: Line: 7d5f117000-7d5f13c000 --xp 00010000 fd:04 294                            /apex/com.android.runtime/lib64/bionic/libm.so
06-17 08:16:58.764 28908 28908 I libmodloader: Protecting memory: 0x7d5f117000 - 0x7d5f13c000 with perms: --xp to: +rx
06-17 08:16:58.764 28908 28908 D libmodloader: Line: 7d5f173000-7d5f179000 --xp 00012000 fd:04 2711                           /system/lib64/libGLESv2.so
06-17 08:16:58.764 28908 28908 I libmodloader: Protecting memory: 0x7d5f173000 - 0x7d5f179000 with perms: --xp to: +rx
06-17 08:16:58.764 28908 28908 D libmodloader: Line: 7d5f240000-7d5f353000 --xp 000bd000 fd:04 2734                           /system/lib64/libandroid_runtime.so
06-17 08:16:58.764 28908 28908 I libmodloader: Protecting memory: 0x7d5f240000 - 0x7d5f353000 with perms: --xp to: +rx
06-17 08:16:58.764 28908 28908 D libmodloader: Line: 7d5f3a1000-7d5f3a5000 --xp 00002000 fd:04 323                            /apex/com.android.runtime/lib64/libnativehelper.so
06-17 08:16:58.764 28908 28908 I libmodloader: Protecting memory: 0x7d5f3a1000 - 0x7d5f3a5000 with perms: --xp to: +rx
06-17 08:16:58.764 28908 28908 D libmodloader: Line: 7d5f3ee000-7d5f3f5000 --xp 00008000 fd:04 2681                           /system/lib64/android.hidl.memory.token@1.0.so
06-17 08:16:58.764 28908 28908 I libmodloader: Protecting memory: 0x7d5f3ee000 - 0x7d5f3f5000 with perms: --xp to: +rx
06-17 08:16:58.764 28908 28908 D libmodloader: Line: 7d5f411000-7d5f41e000 --xp 00006000 fd:04 3103                           /system/lib64/server_configurable_flags.so
06-17 08:16:58.764 28908 28908 I libmodloader: Protecting memory: 0x7d5f411000 - 0x7d5f41e000 with perms: --xp to: +rx
06-17 08:16:58.764 28908 28908 D libmodloader: Line: 7d5f450000-7d5f459000 --xp 00009000 fd:04 2637                           /system/lib64/android.hardware.graphics.mapper@2.0.so
06-17 08:16:58.764 28908 28908 I libmodloader: Protecting memory: 0x7d5f450000 - 0x7d5f459000 with perms: --xp to: +rx
06-17 08:16:58.764 28908 28908 D libmodloader: Line: 7d5f4ae000-7d5f4af000 --xp 00000000 fd:04 2631                           /system/lib64/android.hardware.graphics.common@1.0.so
06-17 08:16:58.764 28908 28908 I libmodloader: Protecting memory: 0x7d5f4ae000 - 0x7d5f4af000 with perms: --xp to: +rx
06-17 08:16:58.764 28908 28908 D libmodloader: Line: 7d5f4e0000-7d5f4fd000 --xp 0000e000 fd:04 2940                           /system/lib64/libmemunreachable.so
06-17 08:16:58.764 28908 28908 I libmodloader: Protecting memory: 0x7d5f4e0000 - 0x7d5f4fd000 with perms: --xp to: +rx
06-17 08:16:58.764 28908 28908 D libmodloader: Line: 7d5f50a000-7d5f50c000 --xp 00000000 fd:04 2967                           /system/lib64/libpackagelistparser.so
06-17 08:16:58.764 28908 28908 I libmodloader: Protecting memory: 0x7d5f50a000 - 0x7d5f50c000 with perms: --xp to: +rx
06-17 08:16:58.764 28908 28908 D libmodloader: Line: 7d5f54b000-7d5f552000 --xp 00004000 fd:04 3096                           /system/lib64/libziparchive.so
06-17 08:16:58.764 28908 28908 I libmodloader: Protecting memory: 0x7d5f54b000 - 0x7d5f552000 with perms: --xp to: +rx
06-17 08:16:58.764 28908 28908 D libmodloader: Line: 7d5f5a8000-7d5f5ab000 --xp 00001000 fd:04 2869                           /system/lib64/libhardware_legacy.so
06-17 08:16:58.764 28908 28908 I libmodloader: Protecting memory: 0x7d5f5a8000 - 0x7d5f5ab000 with perms: --xp to: +rx
06-17 08:16:58.765 28908 28908 D libmodloader: Line: 7d5f6a7000-7d5f6cf000 --xp 00018000 fd:04 310                            /apex/com.android.runtime/lib64/libdexfile.so
06-17 08:16:58.765 28908 28908 I libmodloader: Protecting memory: 0x7d5f6a7000 - 0x7d5f6cf000 with perms: --xp to: +rx
06-17 08:16:58.765 28908 28908 D libmodloader: Line: 7d5f724000-7d5f773000 --xp 0001f000 fd:04 302                            /apex/com.android.runtime/lib64/libartbase.so
06-17 08:16:58.765 28908 28908 I libmodloader: Protecting memory: 0x7d5f724000 - 0x7d5f773000 with perms: --xp to: +rx
06-17 08:16:58.765 28908 28908 D libmodloader: Line: 7d5f843000-7d5f845000 --xp 00001000 fd:04 331                            /apex/com.android.runtime/lib64/libsigchain.so
06-17 08:16:58.765 28908 28908 I libmodloader: Protecting memory: 0x7d5f843000 - 0x7d5f845000 with perms: --xp to: +rx
06-17 08:16:58.766 28908 28908 D main-modloader: Constructing mods from modloader path: '/data/app/com.beatgames.beatsaber-_aQ7vKcOk2gs3f7VpiO_jg==/lib/arm64'
06-17 08:16:58.786  2620  2780 I GuardianSystem: runtimeServiceSDKClient_.ActiveClientDestroyedEventData: package=[com.beatgames.beatsaber], process=[com.beatgames.beatsaber]
06-17 08:16:58.786  2620  2780 I GuardianSystem: OnDestroyActiveClient: com.beatgames.beatsaber
06-17 08:16:58.786  2620  2780 I GuardianSystem: OnDestroyActiveClient: Clearing return package because owning client was destroyed: com.beatgames.beatsaber
06-17 08:16:58.786  2620  2780 I GuardianSystem: GuardianSystem::GuardianCmd 14
06-17 08:16:58.801  1736  2909 D RuntimeIPCServerMgr: RegisterClient: Client: com.oculus.vrshell:com.oculus.vrshell:EnvOverlay:2535, Server: com.oculus.mrservice:com.oculus.mrservice (MrServiceIPCServer)
06-17 08:16:58.802  1736 28952 I [CT]    : MIXEDREALITY: MrServiceIPCServer: MrServiceIPCServer::onClientConnected
06-17 08:16:58.802  1736 28952 I [CT]    : MIXEDREALITY: MrServiceController: clientConnected: 2606566361/com.oculus.vrshell/com.oculus.vrshell:EnvOverlay
06-17 08:16:58.802  1736 28952 I [CT]    : MIXEDREALITY: ClientsStatus: ====== Connected clients ======
06-17 08:16:58.802  1736 28952 I [CT]    : MIXEDREALITY: ClientsStatus: Client: 4225000446/com.oculus.guardian/com.oculus.vrguardianservice
06-17 08:16:58.802  1736 28952 I [CT]    : MIXEDREALITY: ClientsStatus:    [Passthrough] -> Paused
06-17 08:16:58.802  1736 28952 I [CT]    : MIXEDREALITY: ClientsStatus:    [Freespace] -> Created
06-17 08:16:58.802  1736 28952 I [CT]    : MIXEDREALITY: ClientsStatus: ===============================
06-17 08:16:58.802  1736 28952 I [CT]    : MIXEDREALITY: ClientsStatus: Registration from 2606566361/com.oculus.vrshell/com.oculus.vrshell:EnvOverlay accepted.
06-17 08:16:58.802  1736 28952 I [CT]    : MIXEDREALITY: MrClientModelStates: registerClient: For client 2606566361 (com.oculus.vrshell:com.oculus.vrshell:EnvOverlay).
06-17 08:16:58.802  1736 28952 I [CT]    : MIXEDREALITY: MrClientModelStates: ==== Known clients ====
06-17 08:16:58.802  1736 28952 I [CT]    : MIXEDREALITY: MrClientModelStates:   ID: 4225000446 layers: 1 meshes: 0 geometries: 0 shaders: 0
06-17 08:16:58.802  1736 28952 I [CT]    : MIXEDREALITY: MrClientModelStates: ==== Known clients ====
06-17 08:16:58.802  1736 28952 I [CT]    : MIXEDREALITY: MrClientModelStates:   ID: 2606566361 layers: 0 meshes: 0 geometries: 0 shaders: 0
06-17 08:16:58.802  1736 28952 I [CT]    : MIXEDREALITY: MrClientModelStates:   ID: 4225000446 layers: 1 meshes: 0 geometries: 0 shaders: 0
06-17 08:16:58.802  1736 28952 I [CT]    : MIXEDREALITY: MrFeatureStatus: Client status changed from Destroyed to Created.
06-17 08:16:58.802  2535  2728 I [OAR] MrServiceClientVrApi: MrSessionCreatePassthrough OK
06-17 08:16:58.802  2535  2728 I [OAR] VrPlatformVrApi: Setting perf thread tids to main=2728, render=unset
06-17 08:16:58.802  2535  2728 I [OAR] VrPlatformVrApi: Setting clock levels to cpu=2, gpu=4
06-17 08:16:58.802  2535  2728 I ClientInputSettings: SetInhibitHandleHomeKey = true for com.oculus.vrshell
06-17 08:16:58.802  2535  2728 I ClientInputInterface: SetInhibitHandleHomeKey 1
06-17 08:16:58.802 28908 28908 V main-modloader: Deleted: /data/data/com.beatgames.beatsaber/libbeatsaber-hook_1_3_3.so
06-17 08:16:58.802  2535  2728 I [OAR] Compositor: Initializing Compositor: 1440x1584
06-17 08:16:58.802  2535  2728 I [OAR] AudioMixer: Enabling AudioPlayer.
06-17 08:16:58.802  2535  2728 I [OAR] AudioEngine: virtual void AudioLibrary::AudioEngine::EnablePlayer()
06-17 08:16:58.803  2535  2728 D         : PlayerBase::PlayerBase()
06-17 08:16:58.803  2535  2728 D         : TrackPlayerBase::TrackPlayerBase()
06-17 08:16:58.803  2535  2728 I libOpenSLES: Emulating old channel mask behavior (ignoring positional mask 0x3, using default mask 0x3 based on channel count of 2)
06-17 08:16:58.803 28908 28908 V main-modloader: Deleted: /data/data/com.beatgames.beatsaber/libcustom-types.so
06-17 08:16:58.805   773   773 I audio_hw_primary: getting vr mode to 0
06-17 08:16:58.805   793  1066 I hash_map_utils: key: 'vr_audio_mode_on' value: ''
06-17 08:16:58.805   793  1066 I AudioPolicyManagerCustom: VR mode is 0, switch to primary output if request is for fast|raw
06-17 08:16:58.806   793  1066 W AudioFlinger: createTrack_l(): mismatch between requested flags (00000104) and output flags (00000006)
06-17 08:16:58.806   793  1066 D AudioFlinger: Client defaulted notificationFrames to 192 for frameCount 384
06-17 08:16:58.808  2039  2039 D VrRuntimeService: onForegroundActivitiesChanged: pid=2483, uid=10013, hasForegroundActivities=false
06-17 08:16:58.809   793  1066 D AF::TrackHandle: OpPlayAudio: track:246 uid:10020 pkg:com.oculus.vrshell usage:1 muted
06-17 08:16:58.810   773  1197 D audio_hw_primary: start_output_stream: enter: stream(0xe879d000)usecase(1: low-latency-playback) devices(0x2) is_haptic_usecase(0)
06-17 08:16:58.810   773  1197 D audio_hw_primary: select_devices for use case (low-latency-playback)
06-17 08:16:58.810   773  1197 I msm8974_platform: platform_check_and_set_codec_backend_cfg:becf: afe: bitwidth 16, samplerate 48000 channels 2, backend_idx 0 usecase = 1 device (speaker)
06-17 08:16:58.810   773  1197 D msm8974_platform: platform_split_snd_device: snd_device(2) num devices(1) new_snd_devices(0)
06-17 08:16:58.810   773  1197 I msm8974_platform: platform_check_and_set_codec_backend_cfg: new_snd_devices[0] is 2
06-17 08:16:58.810   773  1197 I msm8974_platform: platform_check_codec_backend_cfg:becf: afe: bitwidth 16, samplerate 48000 channels 2, backend_idx 0 usecase = 1 device (speaker)
06-17 08:16:58.810  2535  2728 I AudioTrack: createTrack_l(199): AUDIO_OUTPUT_FLAG_FAST successful; frameCount 0 -> 384
06-17 08:16:58.811   773  1197 D audio_hw_extn: audio_extn_enable_hifi_filter: mixer_value set 0
06-17 08:16:58.811   773  1197 D msm8974_platform: platform_check_codec_backend_cfg:becf: updated afe: bitwidth 16, samplerate 48000 channels 2,backend_idx 0 usecase = 1 device (speaker)
06-17 08:16:58.811   773  1197 D msm8974_platform: platform_check_codec_backend_cfg:becf: afe: playback on codec device not supporting native playback set default Sample Rate(48k)
06-17 08:16:58.811   773  1197 I msm8974_platform: platform_check_codec_backend_cfg:becf: afe: Codec selected backend: 0 updated bit width: 16 and sample rate: 48000
06-17 08:16:58.811   773  1197 D audio_hw_primary: check_usecases_codec_backend:becf: force routing 0
06-17 08:16:58.811   773  1197 E msm8974_platform: platform_check_backends_match: Invalid snd_device = 
06-17 08:16:58.811   773  1197 D audio_hw_primary: check_usecases_codec_backend:becf: (75) check_usecases curr device: speaker, usecase device: backends match 0
06-17 08:16:58.811   773  1197 D audio_hw_primary: check_usecases_codec_backend:becf: check_usecases num.of Usecases to switch 0
06-17 08:16:58.811   773  1197 D hardware_info: hw_info_append_hw_type : device_name = speaker
06-17 08:16:58.811   773  1197 D msm8974_platform: platform_split_snd_device: snd_device(2) num devices(0) new_snd_devices(0)
06-17 08:16:58.811   773  1197 D audio_hw_primary: enable_snd_device: snd_device(2: speaker)
06-17 08:16:58.811   773  1197 D audio_route: Apply path: speaker
06-17 08:16:58.814  1357  1357 V AvrcpMediaPlayerList: onPlaybackConfigChanged(): Configs list size=4
06-17 08:16:58.817   773  1197 I audio_hw_utils: audio_extn_utils_update_stream_output_app_type_cfg Allowing 24 and above bits playback on speaker ONLY at default sampling rate
06-17 08:16:58.817   773  1197 D audio_hw_utils: audio_extn_utils_send_app_type_cfg: usecase->out_snd_device speaker
06-17 08:16:58.817   773  1197 D msm8974_platform: platform_split_snd_device: snd_device(2) num devices(0) new_snd_devices(0)
06-17 08:16:58.817   773  1197 D audio_hw_utils: audio_extn_btsco_get_sample_rate:Not a BT SCO device, need not update sampling rate
06-17 08:16:58.817   773  1197 I audio_hw_utils: send_app_type_cfg_for_device PLAYBACK app_type 69943, acdb_dev_id 15, sample_rate 48000, snd_device_be_idx 43
06-17 08:16:58.817  2535  2728 D [SEO] ShellApplication: requestAudioFocus, transientFocus=false
06-17 08:16:58.817  2535  2728 W AudioManager: Use of stream types is deprecated for operations other than volume control
06-17 08:16:58.817   773  1197 D msm8974_platform: platform_split_snd_device: snd_device(2) num devices(1) new_snd_devices(0)
06-17 08:16:58.817   773  1197 D audio_hw_utils: audio_extn_btsco_get_sample_rate:Not a BT SCO device, need not update sampling rate
06-17 08:16:58.817  2535  2728 W AudioManager: See the documentation of requestAudioFocus() for what to use instead with android.media.AudioAttributes to qualify your playback use case
06-17 08:16:58.817   773  1197 D ACDB-LOADER: ACDB -> send_audio_cal, acdb_id = 15, path = 0, app id = 0x11137, sample rate = 48000, afe_sample_rate = 48000
06-17 08:16:58.817   773  1197 D ACDB-LOADER: ACDB -> send_asm_topology
06-17 08:16:58.817   773  1197 D ACDB-LOADER: ACDB -> ACDB_CMD_GET_AUDPROC_STREAM_TOPOLOGY_ID
06-17 08:16:58.817   773  1197 D ACDB-LOADER: ACDB -> send_adm_topology
06-17 08:16:58.817   773  1197 D ACDB-LOADER: ACDB -> ACDB_CMD_GET_AUDPROC_COMMON_TOPOLOGY_ID
06-17 08:16:58.817   773  1197 D ACDB-LOADER: ACDB -> send_audtable
06-17 08:16:58.817   773  1197 D ACDB-LOADER: ACDB -> ACDB_CMD_GET_AUDPROC_INSTANCE_COMMON_TABLE_SIZE
06-17 08:16:58.817   773  1197 D ACDB-LOADER: ACDB -> ACDB_CMD_GET_AUDPROC_INSTANCE_COMMON_TABLE
06-17 08:16:58.817   773  1197 D ACDB-LOADER: ACDB -> AUDIO_SET_AUDPROC_CAL cal_type[11] acdb_id[15] app_type[69943]
06-17 08:16:58.817   773  1197 D ACDB-LOADER: ACDB -> ACDB_CMD_GET_PERSISTENT_AUDPROC_INSTANCE_COMMON_TABLE_SIZE
06-17 08:16:58.817   773  1197 D         : ACDBFILE_MGR: Property for the pid 000133B7 not found
06-17 08:16:58.817   773  1197 I chatty  : uid=1041(audioserver) writer identical 1 line
06-17 08:16:58.817   773  1197 D         : ACDBFILE_MGR: Property for the pid 000133B7 not found
06-17 08:16:58.817   773  1197 D         : [Data Manager]-> No data found
06-17 08:16:58.817   773  1197 D ACDB-LOADER: Error: ACDB_CMD_GET_PERSISTENT_AUDPROC_INSTANCE_COMMON_TABLE_SIZE returned -18
06-17 08:16:58.817   773  1197 D ACDB-LOADER: ACDB -> send_audproc_persist_table -18 
06-17 08:16:58.817   773  1197 D ACDB-LOADER: Error: Invalid Audproc persist size = -18
06-17 08:16:58.817   773  1197 D ACDB-LOADER: ACDB -> send_audvoltable
06-17 08:16:58.817   773  1197 D ACDB-LOADER: ACDB -> ACDB_CMD_GET_AUDPROC_INSTANCE_GAIN_DEP_STEP_TABLE_SIZE
06-17 08:16:58.817   773  1197 D ACDB-LOADER: ACDB -> ACDB_CMD_GET_AUDPROC_INSTANCE_GAIN_DEP_STEP_TABLE, vol index 1
06-17 08:16:58.817   773  1197 D ACDB-LOADER: ACDB -> AUDIO_SET_VOL_CAL cal type = 12
06-17 08:16:58.817   773  1197 D ACDB-LOADER: ACDB -> ACDB_CMD_GET_AUDPROC_INSTANCE_STREAM_TABLE_SIZE
06-17 08:16:58.817   773  1197 D ACDB-LOADER: ACDB -> send_audstrmtable
06-17 08:16:58.818   773  1197 D ACDB-LOADER: ACDB -> ACDB_CMD_GET_AUDPROC_INSTANCE_STREAM_TABLE
06-17 08:16:58.818   773  1197 D ACDB-LOADER: ACDB -> audstrm_cal->cal_type.cal_data.cal_size = 20
06-17 08:16:58.818   773  1197 D ACDB-LOADER: ACDB -> send_afe_topology
06-17 08:16:58.818   773  1197 D ACDB-LOADER: ACDB -> ACDB_CMD_GET_AFE_TOPOLOGY_ID
06-17 08:16:58.818   773  1197 D ACDB-LOADER: ACDB -> GET_AFE_TOPOLOGY_ID for adcd_id 15, Topology Id 112fc
06-17 08:16:58.818   773  1197 D ACDB-LOADER: ACDB -> send_afe_cal
06-17 08:16:58.818   773  1197 D ACDB-LOADER: ACDB -> ACDB_CMD_GET_AFE_INSTANCE_COMMON_TABLE_SIZE
06-17 08:16:58.818   773  1197 D         : Failed to fetch the lookup information of the device 0000000F 
06-17 08:16:58.818   773  1197 D ACDB-LOADER: Error: ACDB_CMD_GET_AFE_INSTANCE_COMMON_TABLE_SIZE Returned = -19
06-17 08:16:58.818   773  1197 D ACDB-LOADER: ACDB -> ACDB_CMD_GET_AFE_INSTANCE_COMMON_TABLE
06-17 08:16:58.818   773  1197 D         : Failed to fetch the lookup information of the device 0000000F 
06-17 08:16:58.818   773  1197 D ACDB-LOADER: Error: ACDB AFE returned = -19
06-17 08:16:58.818   773  1197 D ACDB-LOADER: ACDB -> AUDIO_SET_AFE_CAL cal_type[16] acdb_id[15]
06-17 08:16:58.818   773  1197 D ACDB-LOADER: ACDB -> send_hw_delay : acdb_id = 15 path = 0
06-17 08:16:58.818   773  1197 D ACDB-LOADER: ACDB -> ACDB_AVSYNC_INFO: ACDB_CMD_GET_DEVICE_PROPERTY
06-17 08:16:58.818   773  1197 D msm8974_platform: platform_split_snd_device: snd_device(2) num devices(0) new_snd_devices(0)
06-17 08:16:58.818   773  1197 I msm8974_platform: platform_get_custom_mtmx_params: no matching param with id 0 ip_ch 2 op_ch 2 uc_id 1 snd_dev 2
06-17 08:16:58.818   773  1197 D audio_hw_primary: enable_audio_route: apply mixer and update path: low-latency-playback
06-17 08:16:58.818   773  1197 D audio_route: Apply path: low-latency-playback
06-17 08:16:58.818  1082  4430 I MediaFocusControl: requestAudioFocus() from uid/pid 10020/2535 clientId=android.media.AudioManager@7c38fcacom.oculus.vrshell.ShellAudioFocusHandler@44ff53b callingPack=com.oculus.vrshell req=1 flags=0x0 sdk=29
06-17 08:16:58.818   773  1197 D audio_hw_primary: select_devices: done
06-17 08:16:58.818  2535  2728 I [OAR] AudioSystem: Got audio focus : 1
06-17 08:16:58.818  2535  2728 I [OAR] VrShellDesktopBase: Foreground desktop
06-17 08:16:58.818  2535  2728 I [OAR] VrShellDesktopBase: Foregrounding com.oculus.explore/com.oculus.explore.PanelService:10
06-17 08:16:58.818  2535  2728 I [OAR] PanelAppHost: Panel app 10 (com.oculus.explore/com.oculus.explore.PanelService) changing state from background to foreground
06-17 08:16:58.818  2535  2728 I [OAR] PanelAppHost: Notify OS about panel state foreground for component com.oculus.explore/com.oculus.explore.PanelService, package com.oculus.explore, service com.oculus.explore.PanelService for panel 10
06-17 08:16:58.818  2535  2728 D [SEO] ShellApplication: notify OS to set com.oculus.explore/com.oculus.explore.PanelService to FOREGROUND
06-17 08:16:58.819  2535  2728 I [OAR] SystemUXController: Recentering for launch - None, , 
06-17 08:16:58.819  2535  2728 I [OAR] LocalSpace: ResetNextFrame
06-17 08:16:58.819  2535  2728 I [OAR] GuardianController: auiPanel == nullptr
06-17 08:16:58.819  2535  2728 I [OAR] SystemAssistant: OnModeChanged from ImmersiveAppFocused to FullShell
06-17 08:16:58.819  2535  2728 I [OAR] TaskBarSpacePanelController: EnterVrMode(offsetPitch 0.000000 radians, offsetYaw 0.000000 radians)
06-17 08:16:58.819  2535  2728 I [OAR] LocalSpace: EnterVrMode: Setting local pose state.
06-17 08:16:58.821  2535  2728 I [OAR] InputManager: LoadKeyboards()
06-17 08:16:58.824  2535  2728 I VrApi   : Received ovrRuntime event 2
06-17 08:16:58.824  2535  2728 I VrApi   : Received ovrRuntime event 4
06-17 08:16:58.824  2535 28954 I FenceChecker: FenceChecker::MainLoop - started
06-17 08:16:58.833 12731 12731 W PartyNativeModuleManager: Calling nativeTearDown but native code wasn't initialized. Noop.
06-17 08:16:58.840   773  1197 D msm8974_platform: platform_set_channel_map mixer_ctl_name:Playback Channel Map9
06-17 08:16:58.840   773  1197 D msm8974_platform: platform_set_channel_map: set mapping(1 2 0 0 0 0 0 0) for channel:2
06-17 08:16:58.841   773  1197 D audio_hw_primary: start_output_stream: exit
06-17 08:16:58.843  2483  2521 I Clay    : Updating tracking space to: 1
06-17 08:16:58.853  2535  2728 W FrameQueue: MakeNonblockingRequest: request for frame 14226 is still invalid for com.oculus.vrshell after 25 tries.
06-17 08:16:58.853  2535  2728 W VrRuntimeClient: WarpSwap: MakeRequest failed
06-17 08:16:58.854  2535  2728 I [OAR] ShellApp: 0xcaa2cbe0 msg: pause
06-17 08:16:58.854  2535  2728 I [OAR] ShellApp: ShellApp::LeaveVrMode()
06-17 08:16:58.854  2535  2728 I [OAR] PanelAppHost: OnBackground
06-17 08:16:58.854  2535  2728 I [OAR] PanelAppHost: Panel app 10 (com.oculus.explore/com.oculus.explore.PanelService) changing state from foreground to background
06-17 08:16:58.854  2535  2728 I [OAR] PanelAppHost: Notify OS about panel state background for component com.oculus.explore/com.oculus.explore.PanelService, package com.oculus.explore, service com.oculus.explore.PanelService for panel 10
06-17 08:16:58.854  2535  2728 D [SEO] ShellApplication: notify OS to set com.oculus.explore/com.oculus.explore.PanelService to BACKGROUND
06-17 08:16:58.855  2535  2728 I [OAR] PanelAppHost: com.oculus.explore/com.oculus.explore.PanelService:10 is now backgrounded due to: paused
06-17 08:16:58.855 14684 14729 I RCTVR   : AppState foreground
06-17 08:16:58.856  2535  2728 I [OAR] ShellVideoPlayer: OnPanelBackground: Defocusing for reason=paused
06-17 08:16:58.856  2535  2728 I [OAR] SystemAssistant: OnModeChanged from FullShell to ImmersiveAppFocused
06-17 08:16:58.856  2535  2728 I [OAR] AudioMixer: Disabling AudioPlayer.
06-17 08:16:58.857 14684 14729 I RCTVR   : AppState backgroundReason [paused]
06-17 08:16:58.857 14684 14729 I RCTVR_Shutdown: Initiated webserver shutdown
06-17 08:16:58.857 14684 14729 I RCTVR_Shutdown: Webby shutdown
06-17 08:16:58.857 14684 14729 I RCTVR_Shutdown: AppState went background
06-17 08:16:58.857 14684 14729 I RCTVR_Shutdown: Headset status changed
06-17 08:16:58.877  2535 28953 I [OAR] AudioMixer: Notifying VrThread to shutdown.
06-17 08:16:58.877  2535  2728 I [OAR] AudioMixer: Successful shutdown.
06-17 08:16:58.877  2535  2728 I [OAR] AudioEngine: virtual void AudioLibrary::AudioEngine::DisablePlayer()
06-17 08:16:58.878  2535  2728 I [OAR] AudioEngine: Setting ShuttingDown.
06-17 08:16:58.883 28908 28908 V main-modloader: Deleted: /data/data/com.beatgames.beatsaber/libcodegen_0_8_1.so
06-17 08:16:58.888 28908 28908 V main-modloader: Deleted: /data/data/com.beatgames.beatsaber/libbeatsaber-hook_1_3_5.so
06-17 08:16:58.897  2535 28953 I [OAR] AudioMixer: Notifying VrThread to shutdown.
06-17 08:16:58.897  2535 28953 I [OAR] AudioEngine: Fading final buffer
06-17 08:16:58.917  2535 28953 I [OAR] AudioEngine: Notifying VrThread to shutdown.
06-17 08:16:58.917  2535 28953 D         : PlayerBase::stop() from IPlayer
06-17 08:16:58.917  2535 28953 D AudioTrack: stop(202): called with 2880 frames delivered
06-17 08:16:58.917  2535  2728 I [OAR] AudioEngine: Stopping player
06-17 08:16:58.918  2535  2728 D         : PlayerBase::stop() from IPlayer
06-17 08:16:58.918  1357  1357 V AvrcpMediaPlayerList: onPlaybackConfigChanged(): Configs list size=4
06-17 08:16:58.919  2535  2728 D [SEO] ShellApplication: abandonAudioFocus
06-17 08:16:58.919  1082  4430 I MediaFocusControl: abandonAudioFocus() from uid/pid 10020/2535 clientId=android.media.AudioManager@7c38fcacom.oculus.vrshell.ShellAudioFocusHandler@44ff53b
06-17 08:16:58.919  1357  1357 V AvrcpMediaPlayerList: onPlaybackConfigChanged(): Configs list size=3
06-17 08:16:58.923  2535  2728 I [OAR] TrackedKeyboardDeviceManager: Clearing all tracked keyboards
06-17 08:16:58.923  2535  2728 D [SEO] ShellApplication: setOverlayInputFocus: inputFocus=false shouldSupportIME=false
06-17 08:16:58.923  2039  2385 I ServerProcessConnector: Connection closed: com.beatgames.beatsaber:com.beatgames.beatsaber:26952
06-17 08:16:58.923  2039  2385 D ThreadHelpers: RuntimeIPC: ThreadBase: Shutdown
06-17 08:16:58.923  2535  2728 D [SEO] BaseOverlayService: setOverlayInputFocus : entrypoint - inputFocus=false shouldSupportIME=false
06-17 08:16:58.923  2535  2728 I VrApi   : ---------- vrapi_LeaveVrMode [start] ----------
06-17 08:16:58.923  2535  2535 D [SEO] BaseOverlayService: detachServiceWindowView
06-17 08:16:58.924  2535  2728 D VrApi   : targetSDKVersion 29
06-17 08:16:58.925  2535  2728 I VrRuntimeClient: DEVICE MODEL NUMBER = Quest 2
06-17 08:16:58.925  2535  2728 I VrRuntimeClient: DEVICE HARDWARE = hollywood
06-17 08:16:58.925  2535  2728 I VrRuntimeClient: DEVICE BUILD NAME = user-16476800118700000
06-17 08:16:58.925  2535  2728 I VrRuntimeClient: DEVICE BUILD TYPE = user
06-17 08:16:58.925  2535  2728 I VrRuntimeClient: DEVICE OS VERSION = 10
06-17 08:16:58.925  2535  2728 I VrRuntimeClient: API LOADER VERSION = 1.41.0
06-17 08:16:58.925  2535  2728 I VrRuntimeClient: RUNTIME API VERSION = 1.46.0
06-17 08:16:58.925  2535  2728 I VrRuntimeClient: RUNTIME VERSION = 29.0.0.65.370 May  8 2021 20:13:10 RELEASE
06-17 08:16:58.925  2535  2728 I VrRuntimeClient: APP NAME = Oculus App Runtime
06-17 08:16:58.925  2535  2728 I VrRuntimeClient: APP VERSION = 29.0.0.65.370 versionCode 289987433 internalVersionName 29.0.0.65.370.384025c4a70b 2021_05_08_20_13
06-17 08:16:58.925  2535  2728 I VrRuntimeClient: APP VR TYPE = vr_only
06-17 08:16:58.925  2535  2728 I VrRuntimeClient: APP MODE TYPE = VR
06-17 08:16:58.925  2535  2728 I VrRuntimeClient: APP PACKAGE NAME = com.oculus.vrshell
06-17 08:16:58.925  2535  2728 I VrRuntimeClient: APP ACTIVITY CLASS = com.oculus.os.WindowTokenContext
06-17 08:16:58.926  2535  2728 D BatteryReceiver: Unregistering battery receiver
06-17 08:16:58.926  2535  2728 I Sensor  : OSSDKTRACKING Shutdown tracking
06-17 08:16:58.930 14684 14748 V RCTVR_HERMES: Hermes Mem: numCollections 687, allocatedBytes 26021360, heapSize 28835840, va 28835840, malloc 1419151
06-17 08:16:58.930 14684 14729 I RCTVR_Shutdown: JS synced
06-17 08:16:58.932 14684 14729 D SettingsManagerModuleImpl: Got boolean value false for key "hand_tracking_opt_in"
06-17 08:16:58.932 14684 14729 D QuickPromotionModule: Signal trigger 'app_foreground'.
06-17 08:16:58.932  1684  1684 D OculusNotificationListenerService: Notification removed: 0|android|0|com.android.server.wm.AlertWindowNotification - com.oculus.vrshell|1000
06-17 08:16:58.933 14684 14748 E RCTVR_HERMES: [error]: 'QuickPromotions', { type: 'oc_quick_promotion_client_events',
06-17 08:16:58.933 14684 14748 E RCTVR_HERMES:   action_name: 'dropped',
06-17 08:16:58.933 14684 14748 E RCTVR_HERMES:   trigger: 'app_foreground',
06-17 08:16:58.933 14684 14748 E RCTVR_HERMES:   promotion_id: '603810110204466',
06-17 08:16:58.933 14684 14748 E RCTVR_HERMES:   surface_id: 5259,
06-17 08:16:58.933 14684 14748 E RCTVR_HERMES:   message: 'Error in evaluating contextual filters.',
06-17 08:16:58.933 14684 14748 E RCTVR_HERMES:   logging_trace: '{"eligibility_status":"1","qp_status":"Public","qp_start_time":"1607671437","qp_end_time":"4102473600","supports_dark_mode_image":"","uuid":"ca8a3ff6-01e6-4bec-ad36-958c3de0b322","viewer_id":"0","is_hscroll_unit":""}' }
06-17 08:16:58.934 14684 14748 W RCTVR_HERMES: [warn]: 'QuickPromotions', { type: 'oc_quick_promotion_client_events',
06-17 08:16:58.934 14684 14748 W RCTVR_HERMES:   action_name: 'dropped',
06-17 08:16:58.934 14684 14748 W RCTVR_HERMES:   trigger: 'app_foreground',
06-17 08:16:58.934 14684 14748 W RCTVR_HERMES:   promotion_id: '603810110204466',
06-17 08:16:58.934 14684 14748 W RCTVR_HERMES:   surface_id: 5259,
06-17 08:16:58.934 14684 14748 W RCTVR_HERMES:   message: 'Surface mismatch \'5259\' on \'5643\'.',
06-17 08:16:58.934 14684 14748 W RCTVR_HERMES:   logging_trace: '{"eligibility_status":"1","qp_status":"Public","qp_start_time":"1607671437","qp_end_time":"4102473600","supports_dark_mode_image":"","uuid":"0de5b372-bf3d-4432-86ea-23d0def0b044","viewer_id":"0","is_hscroll_unit":""}' }
06-17 08:16:58.939 20508 17290 I LibraryProvider: running refetch() for com.oculus.explore
06-17 08:16:58.939 20508 28957 I LibraryCacheRefresher: Fetch Entitlements. Using Entitlements v1
06-17 08:16:58.940  2286  2286 I [OAO] VrNotificationListenerService: onNotificationRemoved(): key = 0|android|0|com.android.server.wm.AlertWindowNotification - com.oculus.vrshell|1000, type = third_party
06-17 08:16:58.940  2286  2286 I [OAO] VrNotificationListenerService: onNotificationRemoved(): user|package|tag|id = UserHandle{0}|android|com.android.server.wm.AlertWindowNotification - com.oculus.vrshell|0
06-17 08:16:58.940  2535  2535 D [SEO] BaseOverlayService: setOverlayInputFocus : completed - inputFocus=false shouldSupportIME=false actionTaken:true
06-17 08:16:58.940 20508 17292 I LibraryProvider: running queryAllApps() for com.oculus.explore
06-17 08:16:58.948 16118 16118 D [SUI] NotificationBroadcastReceiver: action: com.oculus.intent.action.NOTIF_CHANGE
06-17 08:16:58.948 16118 16118 I NotificationManagerSourceHandler: Dataset has changed
06-17 08:16:58.959  2286  2286 D VrNotificationAnalytics: logNotificationRemoved(third_party)
06-17 08:16:58.966 14684 14748 W RCTVR_HERMES: [warn]: 'Home', [ 'Failed to get the system VOIP microphone mute state!',
06-17 08:16:58.966 14684 14748 W RCTVR_HERMES:   { message: 'Error getting microphone state' } ]
06-17 08:16:58.969  2286  2286 D DeviceHelper: isScreenOn = false
06-17 08:16:58.969  2286  2286 D [OAO] ShellOverlayBroadcastReceiver: onReceive with ShellOverlayService native pointer 4106331600, action com.oculus.vrshell.intent.action.DISMISS_NOTIFICATION
06-17 08:16:58.969  2286  2286 D [OAO] RssdkHelper: getCurrentPackageInfo
06-17 08:16:58.969  2286  2286 I [OAO] RssdkHelperJNI: Java_com_oculus_common_navigation_RssdkHelper_nativeGetCurrentPackageInfo
06-17 08:16:58.969  2286  2286 I [OAO] RssdkHelperJNI: NativeGetCurrentPackageInfo - str combined: 'com.beatgames.beatsaber true'
06-17 08:16:58.969  2286  2286 D [OAO] PrimaryPackage: Shell backgrounded or not running.
06-17 08:16:58.969  2286  2286 I [OAO] ShellOverlayServiceJNI: NativeWake
06-17 08:16:58.969  2286  2286 I [OAO] ShellOverlayMain: WakeVrThread
06-17 08:16:58.969  2286  2286 I [OAO] ShellOverlayMain: WakeVrThread - notifying vr thread
06-17 08:16:58.969  2286  2876 I [OAO] ShellOverlayApp: VrThread woke up
06-17 08:16:58.969  2286  2876 I [OAO] ShellOverlayApp: 0xc9fc5c20 msg: broadcastIntent:
06-17 08:16:58.969  2286  2876 I [OAO] ShellOverlayApp: intent_action = com.oculus.vrshell.intent.action.DISMISS_NOTIFICATION
06-17 08:16:58.969  2286  2876 I [OAO] ShellOverlayApp: status_bar_notification = 0|android|0|com.android.server.wm.AlertWindowNotification - com.oculus.vrshell|1000
06-17 08:16:58.969  2286  2876 I [OAO] ShellOverlayApp: ProcessMessage_Broadcast: com.oculus.vrshell.intent.action.DISMISS_NOTIFICATION
06-17 08:16:58.970  2286  2876 I [OAO] ShellOverlayApp: Start sleep timeout. Now:449355.701179, Timeout:449357.701179
06-17 08:16:58.970 14684 14729 I RCTVR_Shutdown: Native modules flushed
06-17 08:16:58.970 14684 14729 I RCTVR_Shutdown: OnBackground complete
06-17 08:16:58.973  1926  1926 D [OAR] RssdkHelper: getCurrentPackageInfo
06-17 08:16:58.973  1926  1926 I [OAR] RssdkHelperJNI: Java_com_oculus_common_navigation_RssdkHelper_nativeGetCurrentPackageInfo
06-17 08:16:58.973  1926  1926 I [OAR] RssdkHelperJNI: NativeGetCurrentPackageInfo - str combined: 'com.beatgames.beatsaber true'
06-17 08:16:58.973  1926  1926 D [OAR] ShellControlProtectedReceiver: onReceive with MainActivity native pointer 0, action com.oculus.vrshell.intent.action.DISMISS_NOTIFICATION
06-17 08:16:58.975  1926  1926 D DeviceHelper: isScreenOn = false
06-17 08:16:58.975  1926  1926 D [OAR] PrimaryPackage: ShellEnv is backgrounded or not running.
06-17 08:16:58.994 28908 28908 V main-modloader: Deleted: /data/data/com.beatgames.beatsaber/libcodegen_0_9_0.so
06-17 08:16:58.994 28908 28908 V main-modloader: Deleted: /data/data/com.beatgames.beatsaber/libquestui.so
06-17 08:16:59.005  2535 28934 I Telemetry: App memory usage: PSS=68MB DalvikPSS=0 MB
06-17 08:16:59.009 13027 13027 D MetricsService: Unbound
06-17 08:16:59.010  2535  2728 I VrApi   : OVR::Stats thread stopped
06-17 08:16:59.010  2535  2728 I InputDeviceManager: ovrInputDeviceManager::~ovrInputDeviceManager
06-17 08:16:59.010  2535  2728 I HandDataQuerier: OSSDKTRACKING shutting down HandsTracker
06-17 08:16:59.011  2535  2728 I HandDataQuerier: OSSDKTRACKING shutting down HandsTracker
06-17 08:16:59.011  2535  2728 I InputDevice_TrackedRemote: OSSDKTRACKING shutting down Haptics
06-17 08:16:59.011  2535  2728 I InputDevice_TrackedRemote: OSSDKTRACKING shutting down Haptics
06-17 08:16:59.011  2535  2728 D OsSdk   : TrackingServiceConnection dtor
06-17 08:16:59.011   902  1276 I TrackingService: Unregistering client by ITrackingService.unregisterClient
06-17 08:16:59.011   902  1276 I TrackingService: TrackingServiceHost Unregistering client: com.oculus.vrshell#2535
06-17 08:16:59.011  2535  2728 D OsSdk   : TrackingServiceConnection unregistered
06-17 08:16:59.014 28908 28908 V main-modloader: Deleted: /data/data/com.beatgames.beatsaber/librust_test2.so
06-17 08:16:59.014 28908 28908 V main-modloader: Deleted: /data/data/com.beatgames.beatsaber/libsandbox.so
06-17 08:16:59.014 28908 28908 V main-modloader: Copying all .so files from: /sdcard/Android/data/com.beatgames.beatsaber/files/libs/ to temp directory: /data/data/com.beatgames.beatsaber/
06-17 08:16:59.014 28908 28908 I main-modloader: Copying file: /sdcard/Android/data/com.beatgames.beatsaber/files/libs/libbeatsaber-hook_1_3_3.so
06-17 08:16:59.015 28908 28908 V main-modloader: Temp path: /data/data/com.beatgames.beatsaber/
06-17 08:16:59.015 28908 28908 V main-modloader: Local full path: /data/data/com.beatgames.beatsaber/libbeatsaber-hook_1_3_3.so
06-17 08:16:59.017 28908 28908 I main-modloader: Copying file: /sdcard/Android/data/com.beatgames.beatsaber/files/libs/libcustom-types.so
06-17 08:16:59.017 28908 28908 V main-modloader: Temp path: /data/data/com.beatgames.beatsaber/
06-17 08:16:59.017 28908 28908 V main-modloader: Local full path: /data/data/com.beatgames.beatsaber/libcustom-types.so
06-17 08:16:59.024 14684 14699 W explore:explor: Reducing the number of considered missed Gc histogram windows from 579 to 100
06-17 08:16:59.031 28908 28908 I main-modloader: Copying file: /sdcard/Android/data/com.beatgames.beatsaber/files/libs/libcodegen_0_8_1.so
06-17 08:16:59.031 28908 28908 V main-modloader: Temp path: /data/data/com.beatgames.beatsaber/
06-17 08:16:59.031 28908 28908 V main-modloader: Local full path: /data/data/com.beatgames.beatsaber/libcodegen_0_8_1.so
06-17 08:16:59.038  2535 28933 I ClientInputThread_Internal: InputThreadRun ShutdownRequest received
06-17 08:16:59.042  2535  2728 D InputHooksJava: Disabling Java Input Hooks
06-17 08:16:59.042  2535  2728 I ClientInputTrackedObjectManager: TRACKEDKEYBOARD ClearTrackedObjectManager called on client
06-17 08:16:59.042  2039  2795 I VrRuntimeService: RuntimeServiceSDKServer::EnableRendering: 0x0, 0, com.oculus.vrshell:EnvOverlay
06-17 08:16:59.042  2039  2795 I ClientMgr: ClientMgr::EnableRendering 2535:com.oculus.vrshell : type 1 comp-id 2: disable
06-17 08:16:59.042  2039  2795 I VrRuntimeServer: DisableCompositorClient: 2
06-17 08:16:59.042  2039  2795 I TimeWarpClientMgr: Disable client 2
06-17 08:16:59.042  2039  2795 I TimeWarpClientMgr: DisableClient: frame flush required: 0
06-17 08:16:59.045  2039  2795 I UnifiedTelemetryWrapper: Stopped UT session render:com.oculus.vrshell:EnvOverlay
06-17 08:16:59.045  2535 28954 I FenceChecker: FenceChecker::MainLoop - ended
06-17 08:16:59.045  2535  2728 I VrApi   : ---------- vrapi_LeaveVrMode [end] ----------
06-17 08:16:59.046  1736 28952 W [CT]    : MIXEDREALITY: MrFeatureStatus: Status change from Created with the operation Pause is not allowed.
06-17 08:16:59.046  1736 28952 W [CT]    : MIXEDREALITY: MrFeatureStatus: clientChangeStatus: client 2606566361 status change not allowed.
06-17 08:16:59.046  1736 28952 I [CT]    : MIXEDREALITY: MrFeatureStatus: Client status changed from Created to Destroyed.
06-17 08:16:59.046  1736  2985 I ServerProcessConnector: HandleClientDisconnect: Client: com.oculus.vrshell:com.oculus.vrshell:EnvOverlay:2535, Server: com.oculus.mrservice:com.oculus.mrservice:1736 (MrServiceIPCServer)
06-17 08:16:59.046  2535  2728 I RuntimeIPCClientMgr: RuntimeIPCClient: Shutdown: Client: com.oculus.vrshell:com.oculus.vrshell:EnvOverlay:2535, Server: com.oculus.mrservice:com.oculus.mrservice (MrServiceIPCServer)
06-17 08:16:59.046  1736 28952 W PipeUtils: RuntimeIPC: ReadFromPipeInternal: read failed: 0, Success
06-17 08:16:59.046  2535  2728 I RuntimeIPCApi: ipc_Shutdown
06-17 08:16:59.046  1736 28952 W PipeUtils: RuntimeIPC: ReadFromPipe: ReadFromPipeInternal FAILED
06-17 08:16:59.046  2535  2728 I RuntimeIPCServiceClient: Shutdown: Refs still outstanding: 7, com.oculus.vrshell:EnvOverlay
06-17 08:16:59.046  1736 28952 W RuntimeIPCServerMgr: RPCClientHandler::MainLoop: Error reading pipe: Client: com.oculus.vrshell:com.oculus.vrshell:EnvOverlay:2535, Server: com.oculus.mrservice:com.oculus.mrservice (MrServiceIPCServer)
06-17 08:16:59.046  2535  2728 I [OAR] ShellFrameAnalytics: ShellFrame frameFunction: 172847us/210518us, trace: 0us/432us, process commands: 0us/9519us, system update: 0us/26346us, render 0us/3793us, post render 0us/0us
06-17 08:16:59.046  1736 28952 I [CT]    : MIXEDREALITY: MrServiceIPCServer: MrServiceIPCServer::onClientDisconnected
06-17 08:16:59.046  1736 28952 I [CT]    : MIXEDREALITY: MrServiceController: clientDisconnected: 2606566361/com.oculus.vrshell/com.oculus.vrshell:EnvOverlay
06-17 08:16:59.046  1736 28952 I [CT]    : MIXEDREALITY: ClientsStatus: ====== Connected clients ======
06-17 08:16:59.046  1736 28952 I [CT]    : MIXEDREALITY: ClientsStatus: Client: 2606566361/com.oculus.vrshell/com.oculus.vrshell:EnvOverlay
06-17 08:16:59.046  1736 28952 I [CT]    : MIXEDREALITY: ClientsStatus:    [Passthrough] -> Destroyed
06-17 08:16:59.046  1736 28952 I [CT]    : MIXEDREALITY: ClientsStatus:    [Freespace] -> Destroyed
06-17 08:16:59.046  1736 28952 I [CT]    : MIXEDREALITY: ClientsStatus: Client: 4225000446/com.oculus.guardian/com.oculus.vrguardianservice
06-17 08:16:59.046  1736 28952 I [CT]    : MIXEDREALITY: ClientsStatus:    [Passthrough] -> Paused
06-17 08:16:59.046  1736 28952 I [CT]    : MIXEDREALITY: ClientsStatus:    [Freespace] -> Created
06-17 08:16:59.046  1736 28952 I [CT]    : MIXEDREALITY: ClientsStatus: ===============================
06-17 08:16:59.046  1736 28952 I [CT]    : MIXEDREALITY: MrClientModelStates: unregisterClient: For client 2606566361.
06-17 08:16:59.046  1736 28952 I [CT]    : MIXEDREALITY: MrClientModelStates: ==== Known clients ====
06-17 08:16:59.046  1736 28952 I [CT]    : MIXEDREALITY: MrClientModelStates:   ID: 2606566361 layers: 0 meshes: 0 geometries: 0 shaders: 0
06-17 08:16:59.046  1736 28952 I [CT]    : MIXEDREALITY: MrClientModelStates:   ID: 4225000446 layers: 1 meshes: 0 geometries: 0 shaders: 0
06-17 08:16:59.046  1736 28952 I [CT]    : MIXEDREALITY: MrClientModelStates: ==== Known clients ====
06-17 08:16:59.046  1736 28952 I [CT]    : MIXEDREALITY: MrClientModelStates:   ID: 4225000446 layers: 1 meshes: 0 geometries: 0 shaders: 0
06-17 08:16:59.046  1736 28952 I [CT]    : MIXEDREALITY: ClientsStatus: Unregistration from 2606566361/com.oculus.vrshell/com.oculus.vrshell:EnvOverlay accepted.
06-17 08:16:59.046  2535  2728 I [OAR] ShellFrameAnalytics: Shell Heartbeat focusedPanelTimeSpent: {"10":200} visibleTimeSpent: {"12":200,"10":200} inputTimeSpent: {"controller":200} mouseClickCount: 0 mouseMoveTimeSpent: 0 mouseScrollTimeSpent: 0 physicalKeyboardConnectedTimeSpent: 0 physicalKeyboardTrackedTimeSpent: 0
06-17 08:16:59.046  2535  2728 I [OAR] DialogController: CloseDialogs() old: systemux://dialog/none, pendingUri: systemux://dialog/none, pendingComponent: 
06-17 08:16:59.047  2535  2728 I [OAR] DialogController: ResetDialog old: systemux://dialog/none, activeUri systemux://dialog/none, activeReturnComponent 
06-17 08:16:59.047  2535  2728 I [OAR] SystemTabletController: Reset, reason: 5, taskBarVisibility: 1
06-17 08:16:59.047  2535  2728 I [OAR] SystemDialogController: Reset
06-17 08:16:59.047  2535  2728 I [OAR] DialogControllerManager: Reset
06-17 08:16:59.188  2620  2753 I ServerProcessConnector: Connection closed: com.beatgames.beatsaber:com.beatgames.beatsaber:26952
06-17 08:16:59.189  2620  2753 D ThreadHelpers: RuntimeIPC: ThreadBase: Shutdown
06-17 08:16:59.189  1082  1114 W ActivityTaskManager: Activity top resumed state loss timeout for ActivityRecord{4785d22 u0 com.beatgames.beatsaber/com.unity3d.player.UnityPlayerActivity t1808}
06-17 08:16:59.190  1082  1114 W ActivityTaskManager: Activity pause timeout for ActivityRecord{4785d22 u0 com.beatgames.beatsaber/com.unity3d.player.UnityPlayerActivity t1808}
06-17 08:16:59.212  1736  2911 I [CT]    : MIXEDREALITY: MrClientModelStates: Cleaned up resources for client 2606566361
06-17 08:16:59.219 14684 14760 V RCTVRNET: Request complete: time=359 name=unknown docid= traceid=BejEuUHqRa2 code=200
06-17 08:16:59.291 14684 14760 V RCTVRNET: Request complete: time=417 name=unknown docid=4478201862209371 traceid=CeatLXf2xhX code=200
06-17 08:16:59.293 14684 14748 I RCTVR_HERMES: [info]: Writing available data for docid=4478201862209371 to cache
06-17 08:16:59.333  1966 28974 W FbnsCallbackHandlerBase: Dropping unintended message.
06-17 08:16:59.337   735 29938 I netd    : firewallSetUidRule(2, 10002, 1) <0.04ms>
06-17 08:16:59.412 20601 28977 I OSUpdateService: Intent with action system_battery_changed
06-17 08:16:59.451 14684 14760 V RCTVRNET: Request complete: time=576 name=unknown docid=3597295350399853 traceid=Cp36Ib0bTiF code=200
06-17 08:16:59.459 14684 14748 I RCTVR_HERMES: [info]: Writing available data for docid=3597295350399853 to cache
06-17 08:16:59.465 28908 28908 I main-modloader: Copying file: /sdcard/Android/data/com.beatgames.beatsaber/files/libs/libbeatsaber-hook_1_3_5.so
06-17 08:16:59.465 28908 28908 V main-modloader: Temp path: /data/data/com.beatgames.beatsaber/
06-17 08:16:59.465 28908 28908 V main-modloader: Local full path: /data/data/com.beatgames.beatsaber/libbeatsaber-hook_1_3_5.so
06-17 08:16:59.491 28908 28908 I main-modloader: Copying file: /sdcard/Android/data/com.beatgames.beatsaber/files/libs/libcodegen_0_9_0.so
06-17 08:16:59.491 28908 28908 V main-modloader: Temp path: /data/data/com.beatgames.beatsaber/
06-17 08:16:59.491 28908 28908 V main-modloader: Local full path: /data/data/com.beatgames.beatsaber/libcodegen_0_9_0.so
06-17 08:16:59.534 14684 14760 V RCTVRNET: Request complete: time=335 name=unknown docid=2601879749832318 traceid=DDg9dCtNq6K code=200
06-17 08:16:59.606 14684 14748 I RCTVR_HERMES: [info]: Writing available data for docid=2601879749832318 to cache
06-17 08:16:59.664 14684 14760 V RCTVRNET: Request complete: time=60 name=unknown docid=2670330569746397 traceid=HON84YWQdte code=200
06-17 08:16:59.666 14684 14748 I RCTVR_HERMES: [info]: Writing available data for docid=2670330569746397 to cache
06-17 08:16:59.705 14684 14760 V RCTVRNET: Request complete: time=56 name=unknown docid=2859091790848698 traceid=Hu1piLh7dHq code=200
06-17 08:16:59.759 14684 14748 I RCTVR_HERMES: [info]: Writing available data for docid=2859091790848698 to cache
06-17 08:16:59.784  1651 28970 W ContextImpl: Calling a method in the system process without a qualified user: android.app.ContextImpl.sendBroadcast:1057 android.content.ContextWrapper.sendBroadcast:448 X.HK.A00:155 X.HK.handleMessage:92 android.os.Handler.dispatchMessage:107 
06-17 08:16:59.894 28908 28908 I main-modloader: Copying file: /sdcard/Android/data/com.beatgames.beatsaber/files/libs/libquestui.so
06-17 08:16:59.894 28908 28908 V main-modloader: Temp path: /data/data/com.beatgames.beatsaber/
06-17 08:16:59.894 28908 28908 V main-modloader: Local full path: /data/data/com.beatgames.beatsaber/libquestui.so
06-17 08:16:59.898 28908 28908 V main-modloader: Copying all .so files from: /sdcard/Android/data/com.beatgames.beatsaber/files/mods/ to temp directory: /data/data/com.beatgames.beatsaber/
06-17 08:16:59.898 28908 28908 I main-modloader: Copying file: /sdcard/Android/data/com.beatgames.beatsaber/files/mods/librust_test2.so
06-17 08:16:59.898 28908 28908 V main-modloader: Temp path: /data/data/com.beatgames.beatsaber/
06-17 08:16:59.898 28908 28908 V main-modloader: Local full path: /data/data/com.beatgames.beatsaber/librust_test2.so
06-17 08:17:00.216 28908 28908 I main-modloader: Copying file: /sdcard/Android/data/com.beatgames.beatsaber/files/mods/libsandbox.so
06-17 08:17:00.216 28908 28908 V main-modloader: Temp path: /data/data/com.beatgames.beatsaber/
06-17 08:17:00.216 28908 28908 V main-modloader: Local full path: /data/data/com.beatgames.beatsaber/libsandbox.so
06-17 08:17:00.218 28908 28908 I main-modloader: Copying file: /sdcard/Android/data/com.beatgames.beatsaber/files/mods/libburn_marks.so
06-17 08:17:00.218 28908 28908 V main-modloader: Temp path: /data/data/com.beatgames.beatsaber/
06-17 08:17:00.218 28908 28908 V main-modloader: Local full path: /data/data/com.beatgames.beatsaber/libburn_marks.so
